Archive member included to satisfy reference by file (symbol)

c:/st/stm32cubeide_1.6.0/stm32cubeide/plugins/com.st.stm32cube.ide.mcu.externaltools.gnu-tools-for-stm32.9-2020-q2-update.win32_1.5.0.202011040924/tools/bin/../lib/gcc/arm-none-eabi/9.3.1/../../../../arm-none-eabi/lib/thumb/v7e-m+fp/hard\libc_nano.a(lib_a-errno.o)
                              Application/User/syscalls.o (__errno)
c:/st/stm32cubeide_1.6.0/stm32cubeide/plugins/com.st.stm32cube.ide.mcu.externaltools.gnu-tools-for-stm32.9-2020-q2-update.win32_1.5.0.202011040924/tools/bin/../lib/gcc/arm-none-eabi/9.3.1/../../../../arm-none-eabi/lib/thumb/v7e-m+fp/hard\libc_nano.a(lib_a-exit.o)
                              c:/st/stm32cubeide_1.6.0/stm32cubeide/plugins/com.st.stm32cube.ide.mcu.externaltools.gnu-tools-for-stm32.9-2020-q2-update.win32_1.5.0.202011040924/tools/bin/../lib/gcc/arm-none-eabi/9.3.1/../../../../arm-none-eabi/lib/thumb/v7e-m+fp/hard/crt0.o (exit)
c:/st/stm32cubeide_1.6.0/stm32cubeide/plugins/com.st.stm32cube.ide.mcu.externaltools.gnu-tools-for-stm32.9-2020-q2-update.win32_1.5.0.202011040924/tools/bin/../lib/gcc/arm-none-eabi/9.3.1/../../../../arm-none-eabi/lib/thumb/v7e-m+fp/hard\libc_nano.a(lib_a-impure.o)
                              c:/st/stm32cubeide_1.6.0/stm32cubeide/plugins/com.st.stm32cube.ide.mcu.externaltools.gnu-tools-for-stm32.9-2020-q2-update.win32_1.5.0.202011040924/tools/bin/../lib/gcc/arm-none-eabi/9.3.1/../../../../arm-none-eabi/lib/thumb/v7e-m+fp/hard\libc_nano.a(lib_a-exit.o) (_global_impure_ptr)
c:/st/stm32cubeide_1.6.0/stm32cubeide/plugins/com.st.stm32cube.ide.mcu.externaltools.gnu-tools-for-stm32.9-2020-q2-update.win32_1.5.0.202011040924/tools/bin/../lib/gcc/arm-none-eabi/9.3.1/../../../../arm-none-eabi/lib/thumb/v7e-m+fp/hard\libc_nano.a(lib_a-init.o)
                              c:/st/stm32cubeide_1.6.0/stm32cubeide/plugins/com.st.stm32cube.ide.mcu.externaltools.gnu-tools-for-stm32.9-2020-q2-update.win32_1.5.0.202011040924/tools/bin/../lib/gcc/arm-none-eabi/9.3.1/../../../../arm-none-eabi/lib/thumb/v7e-m+fp/hard/crt0.o (__libc_init_array)
c:/st/stm32cubeide_1.6.0/stm32cubeide/plugins/com.st.stm32cube.ide.mcu.externaltools.gnu-tools-for-stm32.9-2020-q2-update.win32_1.5.0.202011040924/tools/bin/../lib/gcc/arm-none-eabi/9.3.1/../../../../arm-none-eabi/lib/thumb/v7e-m+fp/hard\libc_nano.a(lib_a-memcpy-stub.o)
                              Middlewares/MotorControl/mcpa.o (memcpy)
c:/st/stm32cubeide_1.6.0/stm32cubeide/plugins/com.st.stm32cube.ide.mcu.externaltools.gnu-tools-for-stm32.9-2020-q2-update.win32_1.5.0.202011040924/tools/bin/../lib/gcc/arm-none-eabi/9.3.1/../../../../arm-none-eabi/lib/thumb/v7e-m+fp/hard\libc_nano.a(lib_a-memset.o)
                              c:/st/stm32cubeide_1.6.0/stm32cubeide/plugins/com.st.stm32cube.ide.mcu.externaltools.gnu-tools-for-stm32.9-2020-q2-update.win32_1.5.0.202011040924/tools/bin/../lib/gcc/arm-none-eabi/9.3.1/../../../../arm-none-eabi/lib/thumb/v7e-m+fp/hard/crt0.o (memset)
c:/st/stm32cubeide_1.6.0/stm32cubeide/plugins/com.st.stm32cube.ide.mcu.externaltools.gnu-tools-for-stm32.9-2020-q2-update.win32_1.5.0.202011040924/tools/bin/../lib/gcc/arm-none-eabi/9.3.1/thumb/v7e-m+fp/hard\libgcc.a(_arm_muldf3.o)
                              Application/User/main.o (__aeabi_dmul)
c:/st/stm32cubeide_1.6.0/stm32cubeide/plugins/com.st.stm32cube.ide.mcu.externaltools.gnu-tools-for-stm32.9-2020-q2-update.win32_1.5.0.202011040924/tools/bin/../lib/gcc/arm-none-eabi/9.3.1/thumb/v7e-m+fp/hard\libgcc.a(_arm_addsubdf3.o)
                              Application/User/main.o (__aeabi_i2d)
c:/st/stm32cubeide_1.6.0/stm32cubeide/plugins/com.st.stm32cube.ide.mcu.externaltools.gnu-tools-for-stm32.9-2020-q2-update.win32_1.5.0.202011040924/tools/bin/../lib/gcc/arm-none-eabi/9.3.1/thumb/v7e-m+fp/hard\libgcc.a(_arm_truncdfsf2.o)
                              Application/User/main.o (__aeabi_d2f)
c:/st/stm32cubeide_1.6.0/stm32cubeide/plugins/com.st.stm32cube.ide.mcu.externaltools.gnu-tools-for-stm32.9-2020-q2-update.win32_1.5.0.202011040924/tools/bin/../lib/gcc/arm-none-eabi/9.3.1/thumb/v7e-m+fp/hard\libgcc.a(_aeabi_ldivmod.o)
                              Drivers/STM32G4xx_HAL_Driver/stm32g4xx_hal_uart.o (__aeabi_ldivmod)
c:/st/stm32cubeide_1.6.0/stm32cubeide/plugins/com.st.stm32cube.ide.mcu.externaltools.gnu-tools-for-stm32.9-2020-q2-update.win32_1.5.0.202011040924/tools/bin/../lib/gcc/arm-none-eabi/9.3.1/thumb/v7e-m+fp/hard\libgcc.a(_aeabi_uldivmod.o)
                              Drivers/STM32G4xx_HAL_Driver/stm32g4xx_hal_uart.o (__aeabi_uldivmod)
c:/st/stm32cubeide_1.6.0/stm32cubeide/plugins/com.st.stm32cube.ide.mcu.externaltools.gnu-tools-for-stm32.9-2020-q2-update.win32_1.5.0.202011040924/tools/bin/../lib/gcc/arm-none-eabi/9.3.1/thumb/v7e-m+fp/hard\libgcc.a(_udivmoddi4.o)
[...]
Memory Configuration

Name             Origin             Length             Attributes
RAM              0x0000000020000000 0x0000000000008000 xrw
FLASH            0x0000000008000000 0x0000000000020000 xr
*default*        0x0000000000000000 0xffffffffffffffff

Linker script and memory map

LOAD c:/st/stm32cubeide_1.6.0/stm32cubeide/plugins/com.st.stm32cube.ide.mcu.externaltools.gnu-tools-for-stm32.9-2020-q2-update.win32_1.5.0.202011040924/tools/bin/../lib/gcc/arm-none-eabi/9.3.1/thumb/v7e-m+fp/hard/crti.o
LOAD c:/st/stm32cubeide_1.6.0/stm32cubeide/plugins/com.st.stm32cube.ide.mcu.externaltools.gnu-tools-for-stm32.9-2020-q2-update.win32_1.5.0.202011040924/tools/bin/../lib/gcc/arm-none-eabi/9.3.1/thumb/v7e-m+fp/hard/crtbegin.o
LOAD c:/st/stm32cubeide_1.6.0/stm32cubeide/plugins/com.st.stm32cube.ide.mcu.externaltools.gnu-tools-for-stm32.9-2020-q2-update.win32_1.5.0.202011040924/tools/bin/../lib/gcc/arm-none-eabi/9.3.1/../../../../arm-none-eabi/lib/thumb/v7e-m+fp/hard/crt0.o
LOAD Application/Startup/startup_stm32g431cbux.o
LOAD Application/User/aspep.o
LOAD Application/User/main.o
LOAD Application/User/mc_api.o
LOAD Application/User/mc_config.o
LOAD Application/User/mc_configuration_registers.o
LOAD Application/User/mc_interface.o
LOAD Application/User/mc_math.o
LOAD Application/User/mc_parameters.o
LOAD Application/User/mc_tasks.o
LOAD Application/User/mcp_config.o
LOAD Application/User/motorcontrol.o
LOAD Application/User/pwm_curr_fdbk.o
LOAD Application/User/register_interface.o
LOAD Application/User/regular_conversion_manager.o
LOAD Application/User/stm32g4xx_hal_msp.o
LOAD Application/User/stm32g4xx_it.o
LOAD Application/User/stm32g4xx_mc_it.o
LOAD Application/User/syscalls.o
LOAD Application/User/sysmem.o
LOAD Application/User/usart_aspep_driver.o
LOAD Drivers/CMSIS/system_stm32g4xx.o
LOAD Drivers/STM32G4xx_HAL_Driver/stm32g4xx_hal.o
LOAD Drivers/STM32G4xx_HAL_Driver/stm32g4xx_hal_adc.o
LOAD Drivers/STM32G4xx_HAL_Driver/stm32g4xx_hal_adc_ex.o
LOAD Drivers/STM32G4xx_HAL_Driver/stm32g4xx_hal_comp.o
LOAD Drivers/STM32G4xx_HAL_Driver/stm32g4xx_hal_cordic.o
LOAD Drivers/STM32G4xx_HAL_Driver/stm32g4xx_hal_cortex.o
LOAD Drivers/STM32G4xx_HAL_Driver/stm32g4xx_hal_dma.o
LOAD Drivers/STM32G4xx_HAL_Driver/stm32g4xx_hal_dma_ex.o
LOAD Drivers/STM32G4xx_HAL_Driver/stm32g4xx_hal_exti.o
LOAD Drivers/STM32G4xx_HAL_Driver/stm32g4xx_hal_fdcan.o
LOAD Drivers/STM32G4xx_HAL_Driver/stm32g4xx_hal_flash.o
LOAD Drivers/STM32G4xx_HAL_Driver/stm32g4xx_hal_flash_ex.o
LOAD Drivers/STM32G4xx_HAL_Driver/stm32g4xx_hal_flash_ramfunc.o
LOAD Drivers/STM32G4xx_HAL_Driver/stm32g4xx_hal_gpio.o
LOAD Drivers/STM32G4xx_HAL_Driver/stm32g4xx_hal_opamp.o
LOAD Drivers/STM32G4xx_HAL_Driver/stm32g4xx_hal_opamp_ex.o
LOAD Drivers/STM32G4xx_HAL_Driver/stm32g4xx_hal_pwr.o
LOAD Drivers/STM32G4xx_HAL_Driver/stm32g4xx_hal_pwr_ex.o
LOAD Drivers/STM32G4xx_HAL_Driver/stm32g4xx_hal_rcc.o
LOAD Drivers/STM32G4xx_HAL_Driver/stm32g4xx_hal_rcc_ex.o
LOAD Drivers/STM32G4xx_HAL_Driver/stm32g4xx_hal_tim.o
LOAD Drivers/STM32G4xx_HAL_Driver/stm32g4xx_hal_tim_ex.o
LOAD Drivers/STM32G4xx_HAL_Driver/stm32g4xx_hal_uart.o
LOAD Drivers/STM32G4xx_HAL_Driver/stm32g4xx_hal_uart_ex.o
LOAD Drivers/STM32G4xx_HAL_Driver/stm32g4xx_ll_adc.o
LOAD Middlewares/MotorControl/bus_voltage_sensor.o
LOAD Middlewares/MotorControl/circle_limitation.o
LOAD Middlewares/MotorControl/digital_output.o
LOAD Middlewares/MotorControl/enc_align_ctrl.o
LOAD Middlewares/MotorControl/encoder_speed_pos_fdbk.o
LOAD Middlewares/MotorControl/mcp.o
LOAD Middlewares/MotorControl/mcpa.o
LOAD Middlewares/MotorControl/motor_power_measurement.o
LOAD Middlewares/MotorControl/ntc_temperature_sensor.o
LOAD Middlewares/MotorControl/open_loop.o
LOAD Middlewares/MotorControl/pid_regulator.o
LOAD Middlewares/MotorControl/pqd_motor_power_measurement.o
LOAD Middlewares/MotorControl/pwm_common.o
LOAD Middlewares/MotorControl/r3_2_g4xx_pwm_curr_fdbk.o
LOAD Middlewares/MotorControl/r_divider_bus_voltage_sensor.o
LOAD Middlewares/MotorControl/ramp_ext_mngr.o
LOAD Middlewares/MotorControl/speed_pos_fdbk.o
LOAD Middlewares/MotorControl/speed_torq_ctrl.o
LOAD Middlewares/MotorControl/state_machine.o
LOAD Middlewares/MotorControl/trajectory_ctrl.o
LOAD Middlewares/MotorControl/virtual_speed_sensor.o
LOAD ../../MCSDK_v5.Y.1/MotorControl/lib\libmc-gcc_M4_NoCCMRAM.lib
START GROUP
LOAD ../../MCSDK_v5.Y.1/MotorControl/lib\libmc-gcc_M4_NoCCMRAM.lib
END GROUP
START GROUP
LOAD c:/st/stm32cubeide_1.6.0/stm32cubeide/plugins/com.st.stm32cube.ide.mcu.externaltools.gnu-tools-for-stm32.9-2020-q2-update.win32_1.5.0.202011040924/tools/bin/../lib/gcc/arm-none-eabi/9.3.1/../../../../arm-none-eabi/lib/thumb/v7e-m+fp/hard\libc_nano.a
LOAD c:/st/stm32cubeide_1.6.0/stm32cubeide/plugins/com.st.stm32cube.ide.mcu.externaltools.gnu-tools-for-stm32.9-2020-q2-update.win32_1.5.0.202011040924/tools/bin/../lib/gcc/arm-none-eabi/9.3.1/../../../../arm-none-eabi/lib/thumb/v7e-m+fp/hard\libm.a
END GROUP
START GROUP
LOAD c:/st/stm32cubeide_1.6.0/stm32cubeide/plugins/com.st.stm32cube.ide.mcu.externaltools.gnu-tools-for-stm32.9-2020-q2-update.win32_1.5.0.202011040924/tools/bin/../lib/gcc/arm-none-eabi/9.3.1/thumb/v7e-m+fp/hard\libgcc.a
LOAD c:/st/stm32cubeide_1.6.0/stm32cubeide/plugins/com.st.stm32cube.ide.mcu.externaltools.gnu-tools-for-stm32.9-2020-q2-update.win32_1.5.0.202011040924/tools/bin/../lib/gcc/arm-none-eabi/9.3.1/../../../../arm-none-eabi/lib/thumb/v7e-m+fp/hard\libc_nano.a
END GROUP
START GROUP
LOAD c:/st/stm32cubeide_1.6.0/stm32cubeide/plugins/com.st.stm32cube.ide.mcu.externaltools.gnu-tools-for-stm32.9-2020-q2-update.win32_1.5.0.202011040924/tools/bin/../lib/gcc/arm-none-eabi/9.3.1/thumb/v7e-m+fp/hard\libgcc.a
LOAD c:/st/stm32cubeide_1.6.0/stm32cubeide/plugins/com.st.stm32cube.ide.mcu.externaltools.gnu-tools-for-stm32.9-2020-q2-update.win32_1.5.0.202011040924/tools/bin/../lib/gcc/arm-none-eabi/9.3.1/../../../../arm-none-eabi/lib/thumb/v7e-m+fp/hard\libc_nano.a
LOAD c:/st/stm32cubeide_1.6.0/stm32cubeide/plugins/com.st.stm32cube.ide.mcu.externaltools.gnu-tools-for-stm32.9-2020-q2-update.win32_1.5.0.202011040924/tools/bin/../lib/gcc/arm-none-eabi/9.3.1/../../../../arm-none-eabi/lib/thumb/v7e-m+fp/hard\libnosys.a
END GROUP
START GROUP
LOAD c:/st/stm32cubeide_1.6.0/stm32cubeide/plugins/com.st.stm32cube.ide.mcu.externaltools.gnu-tools-for-stm32.9-2020-q2-update.win32_1.5.0.202011040924/tools/bin/../lib/gcc/arm-none-eabi/9.3.1/thumb/v7e-m+fp/hard\libgcc.a
LOAD c:/st/stm32cubeide_1.6.0/stm32cubeide/plugins/com.st.stm32cube.ide.mcu.externaltools.gnu-tools-for-stm32.9-2020-q2-update.win32_1.5.0.202011040924/tools/bin/../lib/gcc/arm-none-eabi/9.3.1/../../../../arm-none-eabi/lib/thumb/v7e-m+fp/hard\libc_nano.a
LOAD c:/st/stm32cubeide_1.6.0/stm32cubeide/plugins/com.st.stm32cube.ide.mcu.externaltools.gnu-tools-for-stm32.9-2020-q2-update.win32_1.5.0.202011040924/tools/bin/../lib/gcc/arm-none-eabi/9.3.1/../../../../arm-none-eabi/lib/thumb/v7e-m+fp/hard\libnosys.a
END GROUP
LOAD c:/st/stm32cubeide_1.6.0/stm32cubeide/plugins/com.st.stm32cube.ide.mcu.externaltools.gnu-tools-for-stm32.9-2020-q2-update.win32_1.5.0.202011040924/tools/bin/../lib/gcc/arm-none-eabi/9.3.1/thumb/v7e-m+fp/hard/crtend.o
LOAD c:/st/stm32cubeide_1.6.0/stm32cubeide/plugins/com.st.stm32cube.ide.mcu.externaltools.gnu-tools-for-stm32.9-2020-q2-update.win32_1.5.0.202011040924/tools/bin/../lib/gcc/arm-none-eabi/9.3.1/thumb/v7e-m+fp/hard/crtn.o
                0x0000000020008000                _estack = (ORIGIN (RAM) + LENGTH (RAM))
                0x0000000000000200                _Min_Heap_Size = 0x200
                0x0000000000000400                _Min_Stack_Size = 0x400

.isr_vector     0x0000000008000000      0x1d8
                0x0000000008000000                . = ALIGN (0x4)
 *(.isr_vector)
 .isr_vector    0x0000000008000000      0x1d8 Application/Startup/startup_stm32g431cbux.o
                0x0000000008000000                g_pfnVectors
                0x00000000080001d8                . = ALIGN (0x4)

.text           0x00000000080001d8     0xaaa8
                0x00000000080001d8                . = ALIGN (0x4)
 *(.text)
 .text          0x00000000080001d8       0x40 c:/st/stm32cubeide_1.6.0/stm32cubeide/plugins/com.st.stm32cube.ide.mcu.externaltools.gnu-tools-for-stm32.9-2020-q2-update.win32_1.5.0.202011040924/tools/bin/../lib/gcc/arm-none-eabi/9.3.1/thumb/v7e-m+fp/hard/crtbegin.o
 .text          0x0000000008000218      0x254 c:/st/stm32cubeide_1.6.0/stm32cubeide/plugins/com.st.stm32cube.ide.mcu.externaltools.gnu-tools-for-stm32.9-2020-q2-update.win32_1.5.0.202011040924/tools/bin/../lib/gcc/arm-none-eabi/9.3.1/thumb/v7e-m+fp/hard\libgcc.a(_arm_muldf3.o)
                0x0000000008000218                __muldf3
                0x0000000008000218                __aeabi_dmul
 .text          0x000000000800046c      0x378 c:/st/stm32cubeide_1.6.0/stm32cubeide/plugins/com.st.stm32cube.ide.mcu.externaltools.gnu-tools-for-stm32.9-2020-q2-update.win32_1.5.0.202011040924/tools/bin/../lib/gcc/arm-none-eabi/9.3.1/thumb/v7e-m+fp/hard\libgcc.a(_arm_addsubdf3.o)
                0x000000000800046c                __aeabi_drsub
                0x0000000008000474                __aeabi_dsub
                0x0000000008000474                __subdf3
                0x0000000008000478                __aeabi_dadd
                0x0000000008000478                __adddf3
                0x00000000080006f0                __floatunsidf
                0x00000000080006f0                __aeabi_ui2d
                0x0000000008000710                __floatsidf
                0x0000000008000710                __aeabi_i2d
                0x0000000008000734                __aeabi_f2d
                0x0000000008000734                __extendsfdf2
                0x0000000008000778                __floatundidf
                0x0000000008000778                __aeabi_ul2d
                0x0000000008000788                __floatdidf
                0x0000000008000788                __aeabi_l2d
 .text          0x00000000080007e4       0xa0 c:/st/stm32cubeide_1.6.0/stm32cubeide/plugins/com.st.stm32cube.ide.mcu.externaltools.gnu-tools-for-stm32.9-2020-q2-update.win32_1.5.0.202011040924/tools/bin/../lib/gcc/arm-none-eabi/9.3.1/thumb/v7e-m+fp/hard\libgcc.a(_arm_truncdfsf2.o)
                0x00000000080007e4                __truncdfsf2
                0x00000000080007e4                __aeabi_d2f
 .text          0x0000000008000884       0x30 c:/st/stm32cubeide_1.6.0/stm32cubeide/plugins/com.st.stm32cube.ide.mcu.externaltools.gnu-tools-for-stm32.9-2020-q2-update.win32_1.5.0.202011040924/tools/bin/../lib/gcc/arm-none-eabi/9.3.1/thumb/v7e-m+fp/hard\libgcc.a(_aeabi_uldivmod.o)
                0x0000000008000884                __aeabi_uldivmod
 .text          0x00000000080008b4      0x2c4 c:/st/stm32cubeide_1.6.0/stm32cubeide/plugins/com.st.stm32cube.ide.mcu.externaltools.gnu-tools-for-stm32.9-2020-q2-update.win32_1.5.0.202011040924/tools/bin/../lib/gcc/arm-none-eabi/9.3.1/thumb/v7e-m+fp/hard\libgcc.a(_udivmoddi4.o)
                0x00000000080008b4                __udivmoddi4
 .text          0x0000000008000b78        0x4 c:/st/stm32cubeide_1.6.0/stm32cubeide/plugins/com.st.stm32cube.ide.mcu.externaltools.gnu-tools-for-stm32.9-2020-q2-update.win32_1.5.0.202011040924/tools/bin/../lib/gcc/arm-none-eabi/9.3.1/thumb/v7e-m+fp/hard\libgcc.a(_dvmd_tls.o)
                0x0000000008000b78                __aeabi_idiv0
                0x0000000008000b78                __aeabi_ldiv0
 *(.text*)
 .text.Reset_Handler
                0x0000000008000b7c       0x50 Application/Startup/startup_stm32g431cbux.o
                0x0000000008000b7c                Reset_Handler
 .text.Default_Handler
                0x0000000008000bcc        0x2 Application/Startup/startup_stm32g431cbux.o
                0x0000000008000bcc                RTC_Alarm_IRQHandler
                0x0000000008000bcc                EXTI2_IRQHandler
                0x0000000008000bcc                TIM8_TRG_COM_IRQHandler
                0x0000000008000bcc                TIM8_CC_IRQHandler
                0x0000000008000bcc                DebugMon_Handler
                0x0000000008000bcc                TIM1_CC_IRQHandler
                0x0000000008000bcc                USB_HP_IRQHandler
                0x0000000008000bcc                CORDIC_IRQHandler
                0x0000000008000bcc                PendSV_Handler
                0x0000000008000bcc                NMI_Handler
                0x0000000008000bcc                EXTI3_IRQHandler
                0x0000000008000bcc                I2C3_ER_IRQHandler
                0x0000000008000bcc                EXTI0_IRQHandler
                0x0000000008000bcc                I2C2_EV_IRQHandler
                0x0000000008000bcc                FPU_IRQHandler
                0x0000000008000bcc                UsageFault_Handler
                0x0000000008000bcc                SPI1_IRQHandler
                0x0000000008000bcc                TIM6_DAC_IRQHandler
                0x0000000008000bcc                TIM8_UP_IRQHandler
                0x0000000008000bcc                DMA1_Channel4_IRQHandler
                0x0000000008000bcc                USART3_IRQHandler
                0x0000000008000bcc                DMA2_Channel1_IRQHandler
                0x0000000008000bcc                I2C1_EV_IRQHandler
                0x0000000008000bcc                DMA1_Channel6_IRQHandler
                0x0000000008000bcc                UART4_IRQHandler
                0x0000000008000bcc                DMA2_Channel4_IRQHandler
                0x0000000008000bcc                RCC_IRQHandler
                0x0000000008000bcc                DMA1_Channel1_IRQHandler
                0x0000000008000bcc                Default_Handler
                0x0000000008000bcc                RTC_TAMP_LSECSS_IRQHandler
                0x0000000008000bcc                FMAC_IRQHandler
                0x0000000008000bcc                TIM7_IRQHandler
                0x0000000008000bcc                UCPD1_IRQHandler
                0x0000000008000bcc                I2C3_EV_IRQHandler
                0x0000000008000bcc                EXTI9_5_IRQHandler
                0x0000000008000bcc                RTC_WKUP_IRQHandler
                0x0000000008000bcc                PVD_PVM_IRQHandler
                0x0000000008000bcc                SPI2_IRQHandler
                0x0000000008000bcc                MemManage_Handler
                0x0000000008000bcc                SVC_Handler
                0x0000000008000bcc                DMA2_Channel5_IRQHandler
                0x0000000008000bcc                CRS_IRQHandler
                0x0000000008000bcc                DMA1_Channel5_IRQHandler
                0x0000000008000bcc                USB_LP_IRQHandler
                0x0000000008000bcc                EXTI4_IRQHandler
                0x0000000008000bcc                RNG_IRQHandler
                0x0000000008000bcc                TIM1_TRG_COM_TIM17_IRQHandler
                0x0000000008000bcc                DMA1_Channel3_IRQHandler
                0x0000000008000bcc                WWDG_IRQHandler
                0x0000000008000bcc                LPUART1_IRQHandler
                0x0000000008000bcc                DMA2_Channel6_IRQHandler
                0x0000000008000bcc                COMP1_2_3_IRQHandler
                0x0000000008000bcc                EXTI1_IRQHandler
                0x0000000008000bcc                I2C2_ER_IRQHandler
                0x0000000008000bcc                DMA1_Channel2_IRQHandler
                0x0000000008000bcc                TIM8_BRK_IRQHandler
                0x0000000008000bcc                FLASH_IRQHandler
                0x0000000008000bcc                BusFault_Handler
                0x0000000008000bcc                USART1_IRQHandler
                0x0000000008000bcc                SPI3_IRQHandler
                0x0000000008000bcc                I2C1_ER_IRQHandler
                0x0000000008000bcc                LPTIM1_IRQHandler
                0x0000000008000bcc                DMAMUX_OVR_IRQHandler
                0x0000000008000bcc                USBWakeUp_IRQHandler
                0x0000000008000bcc                SAI1_IRQHandler
                0x0000000008000bcc                DMA2_Channel3_IRQHandler
                0x0000000008000bcc                COMP4_IRQHandler
 *fill*         0x0000000008000bce        0x2 
 .text.ASPEP_start
                0x0000000008000bd0       0x24 Application/User/aspep.o
                0x0000000008000bd0                ASPEP_start
 .text.ASPEP_sendBeacon
                0x0000000008000bf4       0x84 Application/User/aspep.o
                0x0000000008000bf4                ASPEP_sendBeacon
 .text.ASPEP_sendPing
                0x0000000008000c78       0x8c Application/User/aspep.o
                0x0000000008000c78                ASPEP_sendPing
 .text.ASPEP_getBuffer
                0x0000000008000d04       0x6c Application/User/aspep.o
                0x0000000008000d04                ASPEP_getBuffer
 .text.ASPEP_sendPacket
                0x0000000008000d70      0x11c Application/User/aspep.o
                0x0000000008000d70                ASPEP_sendPacket
 .text.ASPEP_HWDataTransmittedIT
                0x0000000008000e8c       0xa0 Application/User/aspep.o
                0x0000000008000e8c                ASPEP_HWDataTransmittedIT
 .text.ASPEP_RXframeProcess
                0x0000000008000f2c      0x238 Application/User/aspep.o
                0x0000000008000f2c                ASPEP_RXframeProcess
 .text.ASPEP_HWDataReceivedIT
                0x0000000008001164       0xa0 Application/User/aspep.o
                0x0000000008001164                ASPEP_HWDataReceivedIT
 .text.ASPEP_HWDMAReset
                0x0000000008001204       0x14 Application/User/aspep.o
                0x0000000008001204                ASPEP_HWDMAReset
 .text.SystemClock_Config
                0x0000000008001218      0x10c Application/User/main.o
                0x0000000008001218                SystemClock_Config
 .text.HAL_FDCAN_RxFifo0Callback
                0x0000000008001324      0x1f0 Application/User/main.o
                0x0000000008001324                HAL_FDCAN_RxFifo0Callback
 .text.Response
                0x0000000008001514      0x1f0 Application/User/main.o
                0x0000000008001514                Response
 .text.HAL_TIM_PeriodElapsedCallback
                0x0000000008001704       0x64 Application/User/main.o
                0x0000000008001704                HAL_TIM_PeriodElapsedCallback
 .text.Error_Handler
                0x0000000008001768       0x38 Application/User/main.o
                0x0000000008001768                Error_Handler
 .text.startup.main
                0x00000000080017a0      0x8e4 Application/User/main.o
                0x00000000080017a0                main
 .text.MC_StartMotor1
                0x0000000008002084        0xc Application/User/mc_api.o
                0x0000000008002084                MC_StartMotor1
 .text.MC_StopMotor1
                0x0000000008002090        0xc Application/User/mc_api.o
                0x0000000008002090                MC_StopMotor1
 .text.MC_ProgramPositionCommandMotor1
                0x000000000800209c        0xc Application/User/mc_api.o
                0x000000000800209c                MC_ProgramPositionCommandMotor1
 .text.MC_GetIqdMotor1
                0x00000000080020a8       0x10 Application/User/mc_api.o
                0x00000000080020a8                MC_GetIqdMotor1
 .text.MC_AcknowledgeFaultMotor1
                0x00000000080020b8        0xc Application/User/mc_api.o
                0x00000000080020b8                MC_AcknowledgeFaultMotor1
 .text.MC_GetSTMStateMotor1
                0x00000000080020c4        0xc Application/User/mc_api.o
                0x00000000080020c4                MC_GetSTMStateMotor1
 .text.MC_GetCurrentPosition1
                0x00000000080020d0        0xc Application/User/mc_api.o
                0x00000000080020d0                MC_GetCurrentPosition1
 .text.MC_GetTargetPosition1
                0x00000000080020dc        0xc Application/User/mc_api.o
                0x00000000080020dc                MC_GetTargetPosition1
 .text.MCI_Init
                0x00000000080020e8       0x20 Application/User/mc_interface.o
                0x00000000080020e8                MCI_Init
 .text.MCI_ExecSpeedRamp
                0x0000000008002108       0x18 Application/User/mc_interface.o
                0x0000000008002108                MCI_ExecSpeedRamp
 .text.MCI_ExecTorqueRamp
                0x0000000008002120       0x14 Application/User/mc_interface.o
                0x0000000008002120                MCI_ExecTorqueRamp
 .text.MCI_SetCurrentReferences
                0x0000000008002134       0x14 Application/User/mc_interface.o
                0x0000000008002134                MCI_SetCurrentReferences
 .text.MCI_ExecPositionCommand
                0x0000000008002148       0x74 Application/User/mc_interface.o
                0x0000000008002148                MCI_ExecPositionCommand
 .text.MCI_StartMotor
                0x00000000080021bc       0x14 Application/User/mc_interface.o
                0x00000000080021bc                MCI_StartMotor
 .text.MCI_StopMotor
                0x00000000080021d0        0x8 Application/User/mc_interface.o
                0x00000000080021d0                MCI_StopMotor
 .text.MCI_FaultAcknowledged
                0x00000000080021d8        0x8 Application/User/mc_interface.o
                0x00000000080021d8                MCI_FaultAcknowledged
 .text.MCI_EncoderAlign
                0x00000000080021e0        0x8 Application/User/mc_interface.o
                0x00000000080021e0                MCI_EncoderAlign
 .text.MCI_ExecBufferedCommands
                0x00000000080021e8       0x78 Application/User/mc_interface.o
                0x00000000080021e8                MCI_ExecBufferedCommands
 .text.MCI_GetSTMState
                0x0000000008002260        0x8 Application/User/mc_interface.o
                0x0000000008002260                MCI_GetSTMState
 .text.MCI_GetCurrentPosition
                0x0000000008002268        0x8 Application/User/mc_interface.o
                0x0000000008002268                MCI_GetCurrentPosition
 .text.MCI_GetTargetPosition
                0x0000000008002270        0x8 Application/User/mc_interface.o
                0x0000000008002270                MCI_GetTargetPosition
 .text.MCI_GetControlMode
                0x0000000008002278        0x4 Application/User/mc_interface.o
                0x0000000008002278                MCI_GetControlMode
 .text.MCI_GetLastRampFinalSpeed
                0x000000000800227c        0x8 Application/User/mc_interface.o
                0x000000000800227c                MCI_GetLastRampFinalSpeed
 .text.MCI_GetLastRampFinalTorque
                0x0000000008002284        0x8 Application/User/mc_interface.o
                0x0000000008002284                MCI_GetLastRampFinalTorque
 .text.MCI_GetLastRampFinalDuration
                0x000000000800228c        0x4 Application/User/mc_interface.o
                0x000000000800228c                MCI_GetLastRampFinalDuration
 .text.MCI_StopRamp
                0x0000000008002290        0x8 Application/User/mc_interface.o
                0x0000000008002290                MCI_StopRamp
 .text.MCI_GetAvrgMecSpeedUnit
                0x0000000008002298       0x10 Application/User/mc_interface.o
                0x0000000008002298                MCI_GetAvrgMecSpeedUnit
 .text.MCI_GetMecSpeedRefUnit
                0x00000000080022a8        0x8 Application/User/mc_interface.o
                0x00000000080022a8                MCI_GetMecSpeedRefUnit
 .text.MCI_GetIab
                0x00000000080022b0       0x1c Application/User/mc_interface.o
                0x00000000080022b0                MCI_GetIab
 .text.MCI_GetIalphabeta
                0x00000000080022cc       0x1c Application/User/mc_interface.o
                0x00000000080022cc                MCI_GetIalphabeta
 .text.MCI_GetIqd
                0x00000000080022e8       0x1c Application/User/mc_interface.o
                0x00000000080022e8                MCI_GetIqd
 .text.MCI_GetIqdref
                0x0000000008002304       0x1c Application/User/mc_interface.o
                0x0000000008002304                MCI_GetIqdref
 .text.MCI_GetVqd
                0x0000000008002320       0x1c Application/User/mc_interface.o
                0x0000000008002320                MCI_GetVqd
 .text.MCI_GetValphabeta
                0x000000000800233c       0x1c Application/User/mc_interface.o
                0x000000000800233c                MCI_GetValphabeta
 .text.MCI_GetTeref
                0x0000000008002358        0x8 Application/User/mc_interface.o
                0x0000000008002358                MCI_GetTeref
 .text.MCI_Clear_Iqdref
                0x0000000008002360       0x14 Application/User/mc_interface.o
                0x0000000008002360                MCI_Clear_Iqdref
 .text.MCM_Clarke
                0x0000000008002374       0x54 Application/User/mc_math.o
                0x0000000008002374                MCM_Clarke
 .text.MCM_Trig_Functions
                0x00000000080023c8       0x2c Application/User/mc_math.o
                0x00000000080023c8                MCM_Trig_Functions
 .text.MCM_Park
                0x00000000080023f4       0x84 Application/User/mc_math.o
                0x00000000080023f4                MCM_Park
 .text.MCM_Rev_Park
                0x0000000008002478       0x40 Application/User/mc_math.o
                0x0000000008002478                MCM_Rev_Park
 .text.MCM_Sqrt
                0x00000000080024b8       0x20 Application/User/mc_math.o
                0x00000000080024b8                MCM_Sqrt
 .text.FOC_Clear
                0x00000000080024d8       0x88 Application/User/mc_tasks.o
                0x00000000080024d8                FOC_Clear
 .text.MCboot   0x0000000008002560      0x184 Application/User/mc_tasks.o
                0x0000000008002560                MCboot
 .text.FOC_InitAdditionalMethods
                0x00000000080026e4        0x4 Application/User/mc_tasks.o
                0x00000000080026e4                FOC_InitAdditionalMethods
 .text.FOC_CalcCurrRef
                0x00000000080026e8       0x2c Application/User/mc_tasks.o
                0x00000000080026e8                FOC_CalcCurrRef
 .text.TSK_SetChargeBootCapDelayM1
                0x0000000008002714        0xc Application/User/mc_tasks.o
                0x0000000008002714                TSK_SetChargeBootCapDelayM1
 .text.TSK_ChargeBootCapDelayHasElapsedM1
                0x0000000008002720       0x14 Application/User/mc_tasks.o
                0x0000000008002720                TSK_ChargeBootCapDelayHasElapsedM1
 .text.TSK_SetStopPermanencyTimeM1
                0x0000000008002734        0xc Application/User/mc_tasks.o
                0x0000000008002734                TSK_SetStopPermanencyTimeM1
 .text.TSK_StopPermanencyTimeHasElapsedM1
                0x0000000008002740       0x14 Application/User/mc_tasks.o
                0x0000000008002740                TSK_StopPermanencyTimeHasElapsedM1
 .text.TSK_MediumFrequencyTaskM1
                0x0000000008002754      0x270 Application/User/mc_tasks.o
                0x0000000008002754                TSK_MediumFrequencyTaskM1
 .text.MC_Scheduler
                0x00000000080029c4       0x90 Application/User/mc_tasks.o
                0x00000000080029c4                MC_Scheduler
 .text.TSK_HighFrequencyTask
                0x0000000008002a54      0x110 Application/User/mc_tasks.o
                0x0000000008002a54                TSK_HighFrequencyTask
 .text.TSK_SafetyTask_PWMOFF
                0x0000000008002b64       0xa8 Application/User/mc_tasks.o
                0x0000000008002b64                TSK_SafetyTask_PWMOFF
 .text.TSK_SafetyTask
                0x0000000008002c0c       0x20 Application/User/mc_tasks.o
                0x0000000008002c0c                TSK_SafetyTask
 .text.MC_RunMotorControlTasks
                0x0000000008002c2c       0x18 Application/User/mc_tasks.o
                0x0000000008002c2c                MC_RunMotorControlTasks
 .text.TSK_HardwareFaultTask
                0x0000000008002c44       0x20 Application/User/mc_tasks.o
                0x0000000008002c44                TSK_HardwareFaultTask
 .text.UI_HandleStartStopButton_cb
                0x0000000008002c64       0x18 Application/User/mc_tasks.o
                0x0000000008002c64                UI_HandleStartStopButton_cb
 .text.mc_lock_pins
                0x0000000008002c7c      0x17c Application/User/mc_tasks.o
                0x0000000008002c7c                mc_lock_pins
 .text.MX_MotorControl_Init
                0x0000000008002df8       0x28 Application/User/motorcontrol.o
                0x0000000008002df8                MX_MotorControl_Init
 .text.PWMC_GetPhaseCurrents
                0x0000000008002e20        0x4 Application/User/pwm_curr_fdbk.o
                0x0000000008002e20                PWMC_GetPhaseCurrents
 .text.PWMC_SetPhaseVoltage
                0x0000000008002e24      0x268 Application/User/pwm_curr_fdbk.o
                0x0000000008002e24                PWMC_SetPhaseVoltage
 .text.PWMC_SwitchOffPWM
                0x000000000800308c        0x4 Application/User/pwm_curr_fdbk.o
                0x000000000800308c                PWMC_SwitchOffPWM
 .text.PWMC_CurrentReadingCalibr
                0x0000000008003090       0x54 Application/User/pwm_curr_fdbk.o
                0x0000000008003090                PWMC_CurrentReadingCalibr
 .text.PWMC_CheckOverCurrent
                0x00000000080030e4        0x4 Application/User/pwm_curr_fdbk.o
                0x00000000080030e4                PWMC_CheckOverCurrent
 .text.RI_SetRegCommandParser
                0x00000000080030e8      0x63c Application/User/register_interface.o
                0x00000000080030e8                RI_SetRegCommandParser
 .text.RI_GetRegCommandParser
                0x0000000008003724      0x79c Application/User/register_interface.o
                0x0000000008003724                RI_GetRegCommandParser
 .text.RI_GetIDSize
                0x0000000008003ec0       0x18 Application/User/register_interface.o
                0x0000000008003ec0                RI_GetIDSize
 .text.RI_GetPtrReg
                0x0000000008003ed8      0x160 Application/User/register_interface.o
                0x0000000008003ed8                RI_GetPtrReg
 .text.RCM_RegisterRegConv
                0x0000000008004038      0x1a8 Application/User/regular_conversion_manager.o
                0x0000000008004038                RCM_RegisterRegConv
 .text.RCM_ExecRegularConv
                0x00000000080041e0      0x184 Application/User/regular_conversion_manager.o
                0x00000000080041e0                RCM_ExecRegularConv
 .text.RCM_ExecUserConv
                0x0000000008004364       0x60 Application/User/regular_conversion_manager.o
                0x0000000008004364                RCM_ExecUserConv
 .text.RCM_ExecNextConv
                0x00000000080043c4       0x94 Application/User/regular_conversion_manager.o
                0x00000000080043c4                RCM_ExecNextConv
 .text.RCM_ReadOngoingConv
                0x0000000008004458       0x4c Application/User/regular_conversion_manager.o
                0x0000000008004458                RCM_ReadOngoingConv
 .text.HAL_MspInit
                0x00000000080044a4       0x40 Application/User/stm32g4xx_hal_msp.o
                0x00000000080044a4                HAL_MspInit
 .text.HAL_ADC_MspInit
                0x00000000080044e4       0xf8 Application/User/stm32g4xx_hal_msp.o
                0x00000000080044e4                HAL_ADC_MspInit
 .text.HAL_COMP_MspInit
                0x00000000080045dc       0xc0 Application/User/stm32g4xx_hal_msp.o
                0x00000000080045dc                HAL_COMP_MspInit
 .text.HAL_CORDIC_MspInit
                0x000000000800469c       0x30 Application/User/stm32g4xx_hal_msp.o
                0x000000000800469c                HAL_CORDIC_MspInit
 .text.HAL_FDCAN_MspInit
                0x00000000080046cc       0xbc Application/User/stm32g4xx_hal_msp.o
                0x00000000080046cc                HAL_FDCAN_MspInit
 .text.HAL_OPAMP_MspInit
                0x0000000008004788       0xc0 Application/User/stm32g4xx_hal_msp.o
                0x0000000008004788                HAL_OPAMP_MspInit
 .text.HAL_TIM_Base_MspInit
                0x0000000008004848       0x9c Application/User/stm32g4xx_hal_msp.o
                0x0000000008004848                HAL_TIM_Base_MspInit
 .text.HAL_TIM_Encoder_MspInit
                0x00000000080048e4       0x70 Application/User/stm32g4xx_hal_msp.o
                0x00000000080048e4                HAL_TIM_Encoder_MspInit
 .text.HAL_TIM_MspPostInit
                0x0000000008004954       0xbc Application/User/stm32g4xx_hal_msp.o
                0x0000000008004954                HAL_TIM_MspPostInit
 .text.HAL_UART_MspInit
                0x0000000008004a10       0xdc Application/User/stm32g4xx_hal_msp.o
                0x0000000008004a10                HAL_UART_MspInit
 .text.FDCAN1_IT0_IRQHandler
                0x0000000008004aec        0xc Application/User/stm32g4xx_it.o
                0x0000000008004aec                FDCAN1_IT0_IRQHandler
 .text.FDCAN1_IT1_IRQHandler
                0x0000000008004af8        0xc Application/User/stm32g4xx_it.o
                0x0000000008004af8                FDCAN1_IT1_IRQHandler
 .text.TIM2_IRQHandler
                0x0000000008004b04        0xc Application/User/stm32g4xx_it.o
                0x0000000008004b04                TIM2_IRQHandler
 .text.TIM3_IRQHandler
                0x0000000008004b10        0xc Application/User/stm32g4xx_it.o
                0x0000000008004b10                TIM3_IRQHandler
 .text.ADC1_2_IRQHandler
                0x0000000008004b1c        0xc Application/User/stm32g4xx_mc_it.o
                0x0000000008004b1c                ADC1_2_IRQHandler
 .text.TIM1_UP_TIM16_IRQHandler
                0x0000000008004b28       0x18 Application/User/stm32g4xx_mc_it.o
                0x0000000008004b28                TIM1_UP_TIM16_IRQHandler
 .text.TIM1_BRK_TIM15_IRQHandler
                0x0000000008004b40       0x3c Application/User/stm32g4xx_mc_it.o
                0x0000000008004b40                TIM1_BRK_TIM15_IRQHandler
 .text.TIM4_IRQHandler
                0x0000000008004b7c       0x20 Application/User/stm32g4xx_mc_it.o
                0x0000000008004b7c                TIM4_IRQHandler
 .text.DMA2_Channel2_IRQHandler
                0x0000000008004b9c       0x1c Application/User/stm32g4xx_mc_it.o
                0x0000000008004b9c                DMA2_Channel2_IRQHandler
 .text.USART2_IRQHandler
                0x0000000008004bb8       0xa4 Application/User/stm32g4xx_mc_it.o
                0x0000000008004bb8                USART2_IRQHandler
 .text.HardFault_Handler
                0x0000000008004c5c        0x8 Application/User/stm32g4xx_mc_it.o
                0x0000000008004c5c                HardFault_Handler
 .text.SysTick_Handler
                0x0000000008004c64       0x34 Application/User/stm32g4xx_mc_it.o
                0x0000000008004c64                SysTick_Handler
 .text.EXTI15_10_IRQHandler
                0x0000000008004c98       0x18 Application/User/stm32g4xx_mc_it.o
                0x0000000008004c98                EXTI15_10_IRQHandler
 .text.UASPEP_INIT
                0x0000000008004cb0       0x5c Application/User/usart_aspep_driver.o
                0x0000000008004cb0                UASPEP_INIT
 .text.UASPEP_SEND_PACKET
                0x0000000008004d0c       0x38 Application/User/usart_aspep_driver.o
                0x0000000008004d0c                UASPEP_SEND_PACKET
 .text.UASPEP_RECEIVE_BUFFER
                0x0000000008004d44       0x30 Application/User/usart_aspep_driver.o
                0x0000000008004d44                UASPEP_RECEIVE_BUFFER
 .text.UASPEP_IDLE_ENABLE
                0x0000000008004d74       0x10 Application/User/usart_aspep_driver.o
                0x0000000008004d74                UASPEP_IDLE_ENABLE
 .text.SystemInit
                0x0000000008004d84       0x14 Drivers/CMSIS/system_stm32g4xx.o
                0x0000000008004d84                SystemInit
 .text.HAL_InitTick
                0x0000000008004d98       0x4c Drivers/STM32G4xx_HAL_Driver/stm32g4xx_hal.o
                0x0000000008004d98                HAL_InitTick
 .text.HAL_Init
                0x0000000008004de4       0x20 Drivers/STM32G4xx_HAL_Driver/stm32g4xx_hal.o
                0x0000000008004de4                HAL_Init
 .text.HAL_IncTick
                0x0000000008004e04       0x18 Drivers/STM32G4xx_HAL_Driver/stm32g4xx_hal.o
                0x0000000008004e04                HAL_IncTick
 .text.HAL_GetTick
                0x0000000008004e1c        0xc Drivers/STM32G4xx_HAL_Driver/stm32g4xx_hal.o
                0x0000000008004e1c                HAL_GetTick
 .text.HAL_ADC_Init
                0x0000000008004e28      0x20c Drivers/STM32G4xx_HAL_Driver/stm32g4xx_hal_adc.o
                0x0000000008004e28                HAL_ADC_Init
 .text.HAL_ADC_ConfigChannel
                0x0000000008005034      0x4d4 Drivers/STM32G4xx_HAL_Driver/stm32g4xx_hal_adc.o
                0x0000000008005034                HAL_ADC_ConfigChannel
 .text.HAL_ADCEx_InjectedConfigChannel
                0x0000000008005508      0x608 Drivers/STM32G4xx_HAL_Driver/stm32g4xx_hal_adc_ex.o
                0x0000000008005508                HAL_ADCEx_InjectedConfigChannel
 .text.HAL_ADCEx_MultiModeConfigChannel
                0x0000000008005b10       0xcc Drivers/STM32G4xx_HAL_Driver/stm32g4xx_hal_adc_ex.o
                0x0000000008005b10                HAL_ADCEx_MultiModeConfigChannel
 .text.HAL_COMP_Init
                0x0000000008005bdc      0x148 Drivers/STM32G4xx_HAL_Driver/stm32g4xx_hal_comp.o
                0x0000000008005bdc                HAL_COMP_Init
 .text.HAL_CORDIC_Init
                0x0000000008005d24       0x34 Drivers/STM32G4xx_HAL_Driver/stm32g4xx_hal_cordic.o
                0x0000000008005d24                HAL_CORDIC_Init
 .text.HAL_NVIC_SetPriorityGrouping
                0x0000000008005d58       0x28 Drivers/STM32G4xx_HAL_Driver/stm32g4xx_hal_cortex.o
                0x0000000008005d58                HAL_NVIC_SetPriorityGrouping
 .text.HAL_NVIC_SetPriority
                0x0000000008005d80       0x70 Drivers/STM32G4xx_HAL_Driver/stm32g4xx_hal_cortex.o
                0x0000000008005d80                HAL_NVIC_SetPriority
 .text.HAL_NVIC_EnableIRQ
                0x0000000008005df0       0x1c Drivers/STM32G4xx_HAL_Driver/stm32g4xx_hal_cortex.o
                0x0000000008005df0                HAL_NVIC_EnableIRQ
 .text.HAL_SYSTICK_Config
                0x0000000008005e0c       0x34 Drivers/STM32G4xx_HAL_Driver/stm32g4xx_hal_cortex.o
                0x0000000008005e0c                HAL_SYSTICK_Config
 .text.HAL_SYSTICK_Callback
                0x0000000008005e40        0x4 Drivers/STM32G4xx_HAL_Driver/stm32g4xx_hal_cortex.o
                0x0000000008005e40                HAL_SYSTICK_Callback
 .text.HAL_SYSTICK_IRQHandler
                0x0000000008005e44        0x8 Drivers/STM32G4xx_HAL_Driver/stm32g4xx_hal_cortex.o
                0x0000000008005e44                HAL_SYSTICK_IRQHandler
 .text.HAL_DMA_Init
                0x0000000008005e4c      0x130 Drivers/STM32G4xx_HAL_Driver/stm32g4xx_hal_dma.o
                0x0000000008005e4c                HAL_DMA_Init
 .text.HAL_FDCAN_Init
                0x0000000008005f7c      0x1e0 Drivers/STM32G4xx_HAL_Driver/stm32g4xx_hal_fdcan.o
                0x0000000008005f7c                HAL_FDCAN_Init
 .text.HAL_FDCAN_Start
                0x000000000800615c       0x30 Drivers/STM32G4xx_HAL_Driver/stm32g4xx_hal_fdcan.o
                0x000000000800615c                HAL_FDCAN_Start
 .text.HAL_FDCAN_AddMessageToTxFifoQ
                0x000000000800618c       0xd0 Drivers/STM32G4xx_HAL_Driver/stm32g4xx_hal_fdcan.o
                0x000000000800618c                HAL_FDCAN_AddMessageToTxFifoQ
 .text.HAL_FDCAN_GetRxMessage
                0x000000000800625c       0xfc Drivers/STM32G4xx_HAL_Driver/stm32g4xx_hal_fdcan.o
                0x000000000800625c                HAL_FDCAN_GetRxMessage
 .text.HAL_FDCAN_GetTxFifoFreeLevel
                0x0000000008006358        0xc Drivers/STM32G4xx_HAL_Driver/stm32g4xx_hal_fdcan.o
                0x0000000008006358                HAL_FDCAN_GetTxFifoFreeLevel
 .text.HAL_FDCAN_ActivateNotification
                0x0000000008006364       0xe4 Drivers/STM32G4xx_HAL_Driver/stm32g4xx_hal_fdcan.o
                0x0000000008006364                HAL_FDCAN_ActivateNotification
 .text.HAL_FDCAN_TxEventFifoCallback
                0x0000000008006448        0x4 Drivers/STM32G4xx_HAL_Driver/stm32g4xx_hal_fdcan.o
                0x0000000008006448                HAL_FDCAN_TxEventFifoCallback
 .text.HAL_FDCAN_RxFifo1Callback
                0x000000000800644c        0x4 Drivers/STM32G4xx_HAL_Driver/stm32g4xx_hal_fdcan.o
                0x000000000800644c                HAL_FDCAN_RxFifo1Callback
 .text.HAL_FDCAN_TxFifoEmptyCallback
                0x0000000008006450        0x4 Drivers/STM32G4xx_HAL_Driver/stm32g4xx_hal_fdcan.o
                0x0000000008006450                HAL_FDCAN_TxFifoEmptyCallback
 .text.HAL_FDCAN_TxBufferCompleteCallback
                0x0000000008006454        0x4 Drivers/STM32G4xx_HAL_Driver/stm32g4xx_hal_fdcan.o
                0x0000000008006454                HAL_FDCAN_TxBufferCompleteCallback
 .text.HAL_FDCAN_TxBufferAbortCallback
                0x0000000008006458        0x4 Drivers/STM32G4xx_HAL_Driver/stm32g4xx_hal_fdcan.o
                0x0000000008006458                HAL_FDCAN_TxBufferAbortCallback
 .text.HAL_FDCAN_TimestampWraparoundCallback
                0x000000000800645c        0x4 Drivers/STM32G4xx_HAL_Driver/stm32g4xx_hal_fdcan.o
                0x000000000800645c                HAL_FDCAN_TimestampWraparoundCallback
 .text.HAL_FDCAN_TimeoutOccurredCallback
                0x0000000008006460        0x4 Drivers/STM32G4xx_HAL_Driver/stm32g4xx_hal_fdcan.o
                0x0000000008006460                HAL_FDCAN_TimeoutOccurredCallback
 .text.HAL_FDCAN_HighPriorityMessageCallback
                0x0000000008006464        0x4 Drivers/STM32G4xx_HAL_Driver/stm32g4xx_hal_fdcan.o
                0x0000000008006464                HAL_FDCAN_HighPriorityMessageCallback
 .text.HAL_FDCAN_ErrorCallback
                0x0000000008006468        0x4 Drivers/STM32G4xx_HAL_Driver/stm32g4xx_hal_fdcan.o
                0x0000000008006468                HAL_FDCAN_ErrorCallback
 .text.HAL_FDCAN_ErrorStatusCallback
                0x000000000800646c        0x4 Drivers/STM32G4xx_HAL_Driver/stm32g4xx_hal_fdcan.o
                0x000000000800646c                HAL_FDCAN_ErrorStatusCallback
 .text.HAL_FDCAN_IRQHandler
                0x0000000008006470      0x190 Drivers/STM32G4xx_HAL_Driver/stm32g4xx_hal_fdcan.o
                0x0000000008006470                HAL_FDCAN_IRQHandler
 .text.HAL_GPIO_Init
                0x0000000008006600      0x1e8 Drivers/STM32G4xx_HAL_Driver/stm32g4xx_hal_gpio.o
                0x0000000008006600                HAL_GPIO_Init
 .text.HAL_GPIO_WritePin
                0x00000000080067e8        0xc Drivers/STM32G4xx_HAL_Driver/stm32g4xx_hal_gpio.o
                0x00000000080067e8                HAL_GPIO_WritePin
 .text.HAL_OPAMP_Init
                0x00000000080067f4      0x10c Drivers/STM32G4xx_HAL_Driver/stm32g4xx_hal_opamp.o
                0x00000000080067f4                HAL_OPAMP_Init
 .text.HAL_PWREx_ControlVoltageScaling
                0x0000000008006900       0xfc Drivers/STM32G4xx_HAL_Driver/stm32g4xx_hal_pwr_ex.o
                0x0000000008006900                HAL_PWREx_ControlVoltageScaling
 .text.HAL_PWREx_DisableUCPDDeadBattery
                0x00000000080069fc       0x10 Drivers/STM32G4xx_HAL_Driver/stm32g4xx_hal_pwr_ex.o
                0x00000000080069fc                HAL_PWREx_DisableUCPDDeadBattery
 .text.HAL_RCC_OscConfig
                0x0000000008006a0c      0x498 Drivers/STM32G4xx_HAL_Driver/stm32g4xx_hal_rcc.o
                0x0000000008006a0c                HAL_RCC_OscConfig
 .text.HAL_RCC_GetSysClockFreq
                0x0000000008006ea4       0x70 Drivers/STM32G4xx_HAL_Driver/stm32g4xx_hal_rcc.o
                0x0000000008006ea4                HAL_RCC_GetSysClockFreq
 .text.HAL_RCC_ClockConfig
                0x0000000008006f14      0x224 Drivers/STM32G4xx_HAL_Driver/stm32g4xx_hal_rcc.o
                0x0000000008006f14                HAL_RCC_ClockConfig
 .text.HAL_RCC_GetHCLKFreq
                0x0000000008007138        0xc Drivers/STM32G4xx_HAL_Driver/stm32g4xx_hal_rcc.o
                0x0000000008007138                HAL_RCC_GetHCLKFreq
 .text.HAL_RCC_GetPCLK1Freq
                0x0000000008007144       0x24 Drivers/STM32G4xx_HAL_Driver/stm32g4xx_hal_rcc.o
                0x0000000008007144                HAL_RCC_GetPCLK1Freq
 .text.HAL_RCC_GetPCLK2Freq
                0x0000000008007168       0x24 Drivers/STM32G4xx_HAL_Driver/stm32g4xx_hal_rcc.o
                0x0000000008007168                HAL_RCC_GetPCLK2Freq
 .text.HAL_RCCEx_PeriphCLKConfig
                0x000000000800718c      0x298 Drivers/STM32G4xx_HAL_Driver/stm32g4xx_hal_rcc_ex.o
                0x000000000800718c                HAL_RCCEx_PeriphCLKConfig
 .text.TIM_OC1_SetConfig
                0x0000000008007424       0x7c Drivers/STM32G4xx_HAL_Driver/stm32g4xx_hal_tim.o
 .text.TIM_OC3_SetConfig
                0x00000000080074a0       0x80 Drivers/STM32G4xx_HAL_Driver/stm32g4xx_hal_tim.o
 .text.TIM_OC4_SetConfig
                0x0000000008007520       0x80 Drivers/STM32G4xx_HAL_Driver/stm32g4xx_hal_tim.o
 .text.HAL_TIM_Base_Init
                0x00000000080075a0      0x108 Drivers/STM32G4xx_HAL_Driver/stm32g4xx_hal_tim.o
                0x00000000080075a0                HAL_TIM_Base_Init
 .text.HAL_TIM_Base_Start_IT
                0x00000000080076a8       0x74 Drivers/STM32G4xx_HAL_Driver/stm32g4xx_hal_tim.o
                0x00000000080076a8                HAL_TIM_Base_Start_IT
 .text.HAL_TIM_Base_Stop_IT
                0x000000000800771c       0x30 Drivers/STM32G4xx_HAL_Driver/stm32g4xx_hal_tim.o
                0x000000000800771c                HAL_TIM_Base_Stop_IT
 .text.HAL_TIM_PWM_MspInit
                0x000000000800774c        0x4 Drivers/STM32G4xx_HAL_Driver/stm32g4xx_hal_tim.o
                0x000000000800774c                HAL_TIM_PWM_MspInit
 .text.HAL_TIM_PWM_Init
                0x0000000008007750      0x108 Drivers/STM32G4xx_HAL_Driver/stm32g4xx_hal_tim.o
                0x0000000008007750                HAL_TIM_PWM_Init
 .text.HAL_TIM_Encoder_Init
                0x0000000008007858      0x164 Drivers/STM32G4xx_HAL_Driver/stm32g4xx_hal_tim.o
                0x0000000008007858                HAL_TIM_Encoder_Init
 .text.HAL_TIM_ConfigClockSource
                0x00000000080079bc      0x18c Drivers/STM32G4xx_HAL_Driver/stm32g4xx_hal_tim.o
                0x00000000080079bc                HAL_TIM_ConfigClockSource
 .text.HAL_TIM_SlaveConfigSynchro
                0x0000000008007b48      0x104 Drivers/STM32G4xx_HAL_Driver/stm32g4xx_hal_tim.o
                0x0000000008007b48                HAL_TIM_SlaveConfigSynchro
 .text.HAL_TIM_OC_DelayElapsedCallback
                0x0000000008007c4c        0x4 Drivers/STM32G4xx_HAL_Driver/stm32g4xx_hal_tim.o
                0x0000000008007c4c                HAL_TIM_OC_DelayElapsedCallback
 .text.HAL_TIM_IC_CaptureCallback
                0x0000000008007c50        0x4 Drivers/STM32G4xx_HAL_Driver/stm32g4xx_hal_tim.o
                0x0000000008007c50                HAL_TIM_IC_CaptureCallback
 .text.HAL_TIM_PWM_PulseFinishedCallback
                0x0000000008007c54        0x4 Drivers/STM32G4xx_HAL_Driver/stm32g4xx_hal_tim.o
                0x0000000008007c54                HAL_TIM_PWM_PulseFinishedCallback
 .text.HAL_TIM_TriggerCallback
                0x0000000008007c58        0x4 Drivers/STM32G4xx_HAL_Driver/stm32g4xx_hal_tim.o
                0x0000000008007c58                HAL_TIM_TriggerCallback
 .text.HAL_TIM_IRQHandler
                0x0000000008007c5c      0x1f4 Drivers/STM32G4xx_HAL_Driver/stm32g4xx_hal_tim.o
                0x0000000008007c5c                HAL_TIM_IRQHandler
 .text.TIM_OC2_SetConfig
                0x0000000008007e50       0x80 Drivers/STM32G4xx_HAL_Driver/stm32g4xx_hal_tim.o
                0x0000000008007e50                TIM_OC2_SetConfig
 .text.HAL_TIM_PWM_ConfigChannel
                0x0000000008007ed0      0x1f4 Drivers/STM32G4xx_HAL_Driver/stm32g4xx_hal_tim.o
                0x0000000008007ed0                HAL_TIM_PWM_ConfigChannel
 .text.HAL_TIMEx_MasterConfigSynchronization
                0x00000000080080c4       0x90 Drivers/STM32G4xx_HAL_Driver/stm32g4xx_hal_tim_ex.o
                0x00000000080080c4                HAL_TIMEx_MasterConfigSynchronization
 .text.HAL_TIMEx_ConfigBreakDeadTime
                0x0000000008008154       0x9c Drivers/STM32G4xx_HAL_Driver/stm32g4xx_hal_tim_ex.o
                0x0000000008008154                HAL_TIMEx_ConfigBreakDeadTime
 .text.HAL_TIMEx_ConfigBreakInput
                0x00000000080081f0       0xb0 Drivers/STM32G4xx_HAL_Driver/stm32g4xx_hal_tim_ex.o
                0x00000000080081f0                HAL_TIMEx_ConfigBreakInput
 .text.HAL_TIMEx_CommutCallback
                0x00000000080082a0        0x4 Drivers/STM32G4xx_HAL_Driver/stm32g4xx_hal_tim_ex.o
                0x00000000080082a0                HAL_TIMEx_CommutCallback
 .text.HAL_TIMEx_BreakCallback
                0x00000000080082a4        0x4 Drivers/STM32G4xx_HAL_Driver/stm32g4xx_hal_tim_ex.o
                0x00000000080082a4                HAL_TIMEx_BreakCallback
 .text.HAL_TIMEx_Break2Callback
                0x00000000080082a8        0x4 Drivers/STM32G4xx_HAL_Driver/stm32g4xx_hal_tim_ex.o
                0x00000000080082a8                HAL_TIMEx_Break2Callback
 .text.HAL_TIMEx_EncoderIndexCallback
                0x00000000080082ac        0x4 Drivers/STM32G4xx_HAL_Driver/stm32g4xx_hal_tim_ex.o
                0x00000000080082ac                HAL_TIMEx_EncoderIndexCallback
 .text.HAL_TIMEx_DirectionChangeCallback
                0x00000000080082b0        0x4 Drivers/STM32G4xx_HAL_Driver/stm32g4xx_hal_tim_ex.o
                0x00000000080082b0                HAL_TIMEx_DirectionChangeCallback
 .text.HAL_TIMEx_IndexErrorCallback
                0x00000000080082b4        0x4 Drivers/STM32G4xx_HAL_Driver/stm32g4xx_hal_tim_ex.o
                0x00000000080082b4                HAL_TIMEx_IndexErrorCallback
 .text.HAL_TIMEx_TransitionErrorCallback
                0x00000000080082b8        0x4 Drivers/STM32G4xx_HAL_Driver/stm32g4xx_hal_tim_ex.o
                0x00000000080082b8                HAL_TIMEx_TransitionErrorCallback
 .text.UART_AdvFeatureConfig
                0x00000000080082bc       0xb0 Drivers/STM32G4xx_HAL_Driver/stm32g4xx_hal_uart.o
                0x00000000080082bc                UART_AdvFeatureConfig
 .text.UART_CheckIdleState
                0x000000000800836c       0xc8 Drivers/STM32G4xx_HAL_Driver/stm32g4xx_hal_uart.o
                0x000000000800836c                UART_CheckIdleState
 .text.HAL_UART_Init
                0x0000000008008434      0x370 Drivers/STM32G4xx_HAL_Driver/stm32g4xx_hal_uart.o
                0x0000000008008434                HAL_UART_Init
 .text.HAL_UARTEx_DisableFifoMode
                0x00000000080087a4       0x3c Drivers/STM32G4xx_HAL_Driver/stm32g4xx_hal_uart_ex.o
                0x00000000080087a4                HAL_UARTEx_DisableFifoMode
 .text.HAL_UARTEx_SetTxFifoThreshold
                0x00000000080087e0       0x7c Drivers/STM32G4xx_HAL_Driver/stm32g4xx_hal_uart_ex.o
                0x00000000080087e0                HAL_UARTEx_SetTxFifoThreshold
 .text.HAL_UARTEx_SetRxFifoThreshold
                0x000000000800885c       0x7c Drivers/STM32G4xx_HAL_Driver/stm32g4xx_hal_uart_ex.o
                0x000000000800885c                HAL_UARTEx_SetRxFifoThreshold
 .text.VBS_GetAvBusVoltage_V
                0x00000000080088d8        0xc Middlewares/MotorControl/bus_voltage_sensor.o
                0x00000000080088d8                VBS_GetAvBusVoltage_V
 .text.Circle_Limitation
                0x00000000080088e4       0x60 Middlewares/MotorControl/circle_limitation.o
                0x00000000080088e4                Circle_Limitation
 .text.EAC_Init
                0x0000000008008944       0x14 Middlewares/MotorControl/enc_align_ctrl.o
                0x0000000008008944                EAC_Init
 .text.EAC_StartAlignment
                0x0000000008008958       0x50 Middlewares/MotorControl/enc_align_ctrl.o
                0x0000000008008958                EAC_StartAlignment
 .text.EAC_Exec
                0x00000000080089a8       0x30 Middlewares/MotorControl/enc_align_ctrl.o
                0x00000000080089a8                EAC_Exec
 .text.EAC_IsAligned
                0x00000000080089d8        0x4 Middlewares/MotorControl/enc_align_ctrl.o
                0x00000000080089d8                EAC_IsAligned
 .text.EAC_SetRestartState
                0x00000000080089dc        0x4 Middlewares/MotorControl/enc_align_ctrl.o
                0x00000000080089dc                EAC_SetRestartState
 .text.EAC_GetRestartState
                0x00000000080089e0        0x4 Middlewares/MotorControl/enc_align_ctrl.o
                0x00000000080089e0                EAC_GetRestartState
 .text.ENC_Init
                0x00000000080089e4       0x7c Middlewares/MotorControl/encoder_speed_pos_fdbk.o
                0x00000000080089e4                ENC_Init
 .text.ENC_Clear
                0x0000000008008a60       0x24 Middlewares/MotorControl/encoder_speed_pos_fdbk.o
                0x0000000008008a60                ENC_Clear
 .text.ENC_CalcAngle
                0x0000000008008a84       0x40 Middlewares/MotorControl/encoder_speed_pos_fdbk.o
                0x0000000008008a84                ENC_CalcAngle
 .text.ENC_CalcAvrgMecSpeedUnit
                0x0000000008008ac4      0x19c Middlewares/MotorControl/encoder_speed_pos_fdbk.o
                0x0000000008008ac4                ENC_CalcAvrgMecSpeedUnit
 .text.ENC_SetMecAngle
                0x0000000008008c60       0x30 Middlewares/MotorControl/encoder_speed_pos_fdbk.o
                0x0000000008008c60                ENC_SetMecAngle
 .text.ENC_IRQHandler
                0x0000000008008c90       0x14 Middlewares/MotorControl/encoder_speed_pos_fdbk.o
                0x0000000008008c90                ENC_IRQHandler
 .text.MCP_ReceivedPacket
                0x0000000008008ca4       0xf4 Middlewares/MotorControl/mcp.o
                0x0000000008008ca4                MCP_ReceivedPacket
 .text.MCPA_dataLog
                0x0000000008008d98      0x244 Middlewares/MotorControl/mcpa.o
                0x0000000008008d98                MCPA_dataLog
 .text.MCPA_cfgLog
                0x0000000008008fdc       0xe4 Middlewares/MotorControl/mcpa.o
                0x0000000008008fdc                MCPA_cfgLog
 .text.MPM_Clear
                0x00000000080090c0       0x18 Middlewares/MotorControl/motor_power_measurement.o
                0x00000000080090c0                MPM_Clear
 .text.MPM_CalcElMotorPower
                0x00000000080090d8       0x44 Middlewares/MotorControl/motor_power_measurement.o
                0x00000000080090d8                MPM_CalcElMotorPower
 .text.MPM_GetAvrgElMotorPowerW
                0x000000000800911c        0x8 Middlewares/MotorControl/motor_power_measurement.o
                0x000000000800911c                MPM_GetAvrgElMotorPowerW
 .text.NTC_SetFaultState
                0x0000000008009124       0x1c Middlewares/MotorControl/ntc_temperature_sensor.o
                0x0000000008009124                NTC_SetFaultState
 .text.NTC_Clear
                0x0000000008009140        0x8 Middlewares/MotorControl/ntc_temperature_sensor.o
                0x0000000008009140                NTC_Clear
 .text.NTC_Init
                0x0000000008009148       0x24 Middlewares/MotorControl/ntc_temperature_sensor.o
                0x0000000008009148                NTC_Init
 .text.NTC_CalcAvTemp
                0x000000000800916c       0x38 Middlewares/MotorControl/ntc_temperature_sensor.o
                0x000000000800916c                NTC_CalcAvTemp
 .text.NTC_GetAvTemp_C
                0x00000000080091a4       0x2c Middlewares/MotorControl/ntc_temperature_sensor.o
                0x00000000080091a4                NTC_GetAvTemp_C
 .text.PID_HandleInit
                0x00000000080091d0       0x10 Middlewares/MotorControl/pid_regulator.o
                0x00000000080091d0                PID_HandleInit
 .text.PID_SetKP
                0x00000000080091e0        0x4 Middlewares/MotorControl/pid_regulator.o
                0x00000000080091e0                PID_SetKP
 .text.PID_SetKI
                0x00000000080091e4        0x4 Middlewares/MotorControl/pid_regulator.o
                0x00000000080091e4                PID_SetKI
 .text.PID_GetKP
                0x00000000080091e8        0x8 Middlewares/MotorControl/pid_regulator.o
                0x00000000080091e8                PID_GetKP
 .text.PID_GetKI
                0x00000000080091f0        0x8 Middlewares/MotorControl/pid_regulator.o
                0x00000000080091f0                PID_GetKI
 .text.PID_SetIntegralTerm
                0x00000000080091f8        0x4 Middlewares/MotorControl/pid_regulator.o
                0x00000000080091f8                PID_SetIntegralTerm
 .text.PID_GetKPDivisor
                0x00000000080091fc        0x4 Middlewares/MotorControl/pid_regulator.o
                0x00000000080091fc                PID_GetKPDivisor
 .text.PID_SetKPDivisorPOW2
                0x0000000008009200        0xc Middlewares/MotorControl/pid_regulator.o
                0x0000000008009200                PID_SetKPDivisorPOW2
 .text.PID_GetKIDivisor
                0x000000000800920c        0x4 Middlewares/MotorControl/pid_regulator.o
                0x000000000800920c                PID_GetKIDivisor
 .text.PID_SetLowerIntegralTermLimit
                0x0000000008009210        0x4 Middlewares/MotorControl/pid_regulator.o
                0x0000000008009210                PID_SetLowerIntegralTermLimit
 .text.PID_SetUpperIntegralTermLimit
                0x0000000008009214        0x4 Middlewares/MotorControl/pid_regulator.o
                0x0000000008009214                PID_SetUpperIntegralTermLimit
 .text.PID_SetKIDivisorPOW2
                0x0000000008009218       0x28 Middlewares/MotorControl/pid_regulator.o
                0x0000000008009218                PID_SetKIDivisorPOW2
 .text.PID_SetKD
                0x0000000008009240        0x4 Middlewares/MotorControl/pid_regulator.o
                0x0000000008009240                PID_SetKD
 .text.PID_GetKD
                0x0000000008009244        0x8 Middlewares/MotorControl/pid_regulator.o
                0x0000000008009244                PID_GetKD
 .text.PID_GetKDDivisor
                0x000000000800924c        0x4 Middlewares/MotorControl/pid_regulator.o
                0x000000000800924c                PID_GetKDDivisor
 .text.PID_SetKDDivisorPOW2
                0x0000000008009250        0xc Middlewares/MotorControl/pid_regulator.o
                0x0000000008009250                PID_SetKDDivisorPOW2
 .text.PI_Controller
                0x000000000800925c       0x8c Middlewares/MotorControl/pid_regulator.o
                0x000000000800925c                PI_Controller
 .text.PID_Controller
                0x00000000080092e8       0x48 Middlewares/MotorControl/pid_regulator.o
                0x00000000080092e8                PID_Controller
 .text.PQD_CalcElMotorPower
                0x0000000008009330       0x68 Middlewares/MotorControl/pqd_motor_power_measurement.o
                0x0000000008009330                PQD_CalcElMotorPower
 .text.startTimers
                0x0000000008009398       0x70 Middlewares/MotorControl/pwm_common.o
                0x0000000008009398                startTimers
 .text.waitForPolarizationEnd
                0x0000000008009408       0x38 Middlewares/MotorControl/pwm_common.o
                0x0000000008009408                waitForPolarizationEnd
 .text.R3_2_ADCxInit
                0x0000000008009440       0xb4 Middlewares/MotorControl/r3_2_g4xx_pwm_curr_fdbk.o
 .text.R3_2_GetPhaseCurrents
                0x00000000080094f4      0x170 Middlewares/MotorControl/r3_2_g4xx_pwm_curr_fdbk.o
                0x00000000080094f4                R3_2_GetPhaseCurrents
 .text.R3_2_SetADCSampPointPolarization
                0x0000000008009664       0x3c Middlewares/MotorControl/r3_2_g4xx_pwm_curr_fdbk.o
                0x0000000008009664                R3_2_SetADCSampPointPolarization
 .text.R3_2_HFCurrentsPolarizationAB
                0x00000000080096a0       0x4c Middlewares/MotorControl/r3_2_g4xx_pwm_curr_fdbk.o
 .text.R3_2_HFCurrentsPolarizationC
                0x00000000080096ec       0x44 Middlewares/MotorControl/r3_2_g4xx_pwm_curr_fdbk.o
 .text.R3_2_TurnOnLowSides
                0x0000000008009730       0x50 Middlewares/MotorControl/r3_2_g4xx_pwm_curr_fdbk.o
                0x0000000008009730                R3_2_TurnOnLowSides
 .text.R3_2_SwitchOnPWM
                0x0000000008009780       0x98 Middlewares/MotorControl/r3_2_g4xx_pwm_curr_fdbk.o
                0x0000000008009780                R3_2_SwitchOnPWM
 .text.R3_2_SwitchOffPWM
                0x0000000008009818       0x64 Middlewares/MotorControl/r3_2_g4xx_pwm_curr_fdbk.o
                0x0000000008009818                R3_2_SwitchOffPWM
 .text.R3_2_RLGetPhaseCurrents
                0x000000000800987c       0x58 Middlewares/MotorControl/r3_2_g4xx_pwm_curr_fdbk.o
 .text.R3_2_RLTurnOnLowSides
                0x00000000080098d4       0x4c Middlewares/MotorControl/r3_2_g4xx_pwm_curr_fdbk.o
 .text.R3_2_RLSwitchOnPWM
                0x0000000008009920       0xb0 Middlewares/MotorControl/r3_2_g4xx_pwm_curr_fdbk.o
 .text.R3_2_SetAOReferenceVoltage
                0x00000000080099d0       0x94 Middlewares/MotorControl/r3_2_g4xx_pwm_curr_fdbk.o
 .text.R3_2_Init
                0x0000000008009a64      0x2a0 Middlewares/MotorControl/r3_2_g4xx_pwm_curr_fdbk.o
                0x0000000008009a64                R3_2_Init
 .text.R3_2_CurrentReadingPolarization
                0x0000000008009d04      0x140 Middlewares/MotorControl/r3_2_g4xx_pwm_curr_fdbk.o
                0x0000000008009d04                R3_2_CurrentReadingPolarization
 .text.R3_2_SetADCSampPointSectX
                0x0000000008009e44       0x7c Middlewares/MotorControl/r3_2_g4xx_pwm_curr_fdbk.o
                0x0000000008009e44                R3_2_SetADCSampPointSectX
 .text.R3_2_TIMx_UP_IRQHandler
                0x0000000008009ec0       0x84 Middlewares/MotorControl/r3_2_g4xx_pwm_curr_fdbk.o
                0x0000000008009ec0                R3_2_TIMx_UP_IRQHandler
 .text.R3_2_BRK2_IRQHandler
                0x0000000008009f44       0x44 Middlewares/MotorControl/r3_2_g4xx_pwm_curr_fdbk.o
                0x0000000008009f44                R3_2_BRK2_IRQHandler
 .text.R3_2_BRK_IRQHandler
                0x0000000008009f88       0x20 Middlewares/MotorControl/r3_2_g4xx_pwm_curr_fdbk.o
                0x0000000008009f88                R3_2_BRK_IRQHandler
 .text.R3_2_IsOverCurrentOccurred
                0x0000000008009fa8       0x28 Middlewares/MotorControl/r3_2_g4xx_pwm_curr_fdbk.o
                0x0000000008009fa8                R3_2_IsOverCurrentOccurred
 .text.R3_2_RLDetectionModeEnable
                0x0000000008009fd0       0xd4 Middlewares/MotorControl/r3_2_g4xx_pwm_curr_fdbk.o
                0x0000000008009fd0                R3_2_RLDetectionModeEnable
 .text.R3_2_RLDetectionModeDisable
                0x000000000800a0a4       0xf0 Middlewares/MotorControl/r3_2_g4xx_pwm_curr_fdbk.o
                0x000000000800a0a4                R3_2_RLDetectionModeDisable
 .text.R3_2_RLDetectionModeSetDuty
                0x000000000800a194       0x7c Middlewares/MotorControl/r3_2_g4xx_pwm_curr_fdbk.o
                0x000000000800a194                R3_2_RLDetectionModeSetDuty
 .text.RVBS_Clear
                0x000000000800a210       0x38 Middlewares/MotorControl/r_divider_bus_voltage_sensor.o
                0x000000000800a210                RVBS_Clear
 .text.RVBS_Init
                0x000000000800a248       0x18 Middlewares/MotorControl/r_divider_bus_voltage_sensor.o
                0x000000000800a248                RVBS_Init
 .text.RVBS_CheckFaultState
                0x000000000800a260       0x18 Middlewares/MotorControl/r_divider_bus_voltage_sensor.o
                0x000000000800a260                RVBS_CheckFaultState
 .text.RVBS_CalcAvVbus
                0x000000000800a278       0x6c Middlewares/MotorControl/r_divider_bus_voltage_sensor.o
                0x000000000800a278                RVBS_CalcAvVbus
 .text.REMNG_Init
                0x000000000800a2e4       0x10 Middlewares/MotorControl/ramp_ext_mngr.o
                0x000000000800a2e4                REMNG_Init
 .text.SPD_GetElAngle
                0x000000000800a2f4        0x8 Middlewares/MotorControl/speed_pos_fdbk.o
                0x000000000800a2f4                SPD_GetElAngle
 .text.SPD_GetMecAngle
                0x000000000800a2fc        0x4 Middlewares/MotorControl/speed_pos_fdbk.o
                0x000000000800a2fc                SPD_GetMecAngle
 .text.SPD_GetAvrgMecSpeedUnit
                0x000000000800a300        0x8 Middlewares/MotorControl/speed_pos_fdbk.o
                0x000000000800a300                SPD_GetAvrgMecSpeedUnit
 .text.SPD_GetInstElSpeedDpp
                0x000000000800a308        0x8 Middlewares/MotorControl/speed_pos_fdbk.o
                0x000000000800a308                SPD_GetInstElSpeedDpp
 .text.SPD_IsMecSpeedReliable
                0x000000000800a310       0x58 Middlewares/MotorControl/speed_pos_fdbk.o
                0x000000000800a310                SPD_IsMecSpeedReliable
 .text.SPD_GetS16Speed
                0x000000000800a368       0x14 Middlewares/MotorControl/speed_pos_fdbk.o
                0x000000000800a368                SPD_GetS16Speed
 .text.STC_Init
                0x000000000800a37c       0x28 Middlewares/MotorControl/speed_torq_ctrl.o
                0x000000000800a37c                STC_Init
 .text.STC_SetSpeedSensor
                0x000000000800a3a4        0x4 Middlewares/MotorControl/speed_torq_ctrl.o
                0x000000000800a3a4                STC_SetSpeedSensor
 .text.STC_GetSpeedSensor
                0x000000000800a3a8        0x4 Middlewares/MotorControl/speed_torq_ctrl.o
                0x000000000800a3a8                STC_GetSpeedSensor
 .text.STC_Clear
                0x000000000800a3ac       0x10 Middlewares/MotorControl/speed_torq_ctrl.o
                0x000000000800a3ac                STC_Clear
 .text.STC_GetMecSpeedRefUnit
                0x000000000800a3bc       0x10 Middlewares/MotorControl/speed_torq_ctrl.o
                0x000000000800a3bc                STC_GetMecSpeedRefUnit
 .text.STC_GetTorqueRef
                0x000000000800a3cc       0x10 Middlewares/MotorControl/speed_torq_ctrl.o
                0x000000000800a3cc                STC_GetTorqueRef
 .text.STC_SetControlMode
                0x000000000800a3dc        0x8 Middlewares/MotorControl/speed_torq_ctrl.o
                0x000000000800a3dc                STC_SetControlMode
 .text.STC_ExecRamp
                0x000000000800a3e4       0x90 Middlewares/MotorControl/speed_torq_ctrl.o
                0x000000000800a3e4                STC_ExecRamp
 .text.STC_StopRamp
                0x000000000800a474        0x8 Middlewares/MotorControl/speed_torq_ctrl.o
                0x000000000800a474                STC_StopRamp
 .text.STC_CalcTorqueReference
                0x000000000800a47c       0x64 Middlewares/MotorControl/speed_torq_ctrl.o
                0x000000000800a47c                STC_CalcTorqueReference
 .text.STC_GetMecSpeedRefUnitDefault
                0x000000000800a4e0        0x8 Middlewares/MotorControl/speed_torq_ctrl.o
                0x000000000800a4e0                STC_GetMecSpeedRefUnitDefault
 .text.STC_GetDefaultIqdref
                0x000000000800a4e8       0x1c Middlewares/MotorControl/speed_torq_ctrl.o
                0x000000000800a4e8                STC_GetDefaultIqdref
 .text.STC_ForceSpeedReferenceToCurrentSpeed
                0x000000000800a504       0x10 Middlewares/MotorControl/speed_torq_ctrl.o
                0x000000000800a504                STC_ForceSpeedReferenceToCurrentSpeed
 .text.STM_Init
                0x000000000800a514        0xc Middlewares/MotorControl/state_machine.o
                0x000000000800a514                STM_Init
 .text.STM_FaultProcessing
                0x000000000800a520       0x3c Middlewares/MotorControl/state_machine.o
                0x000000000800a520                STM_FaultProcessing
 .text.STM_NextState
                0x000000000800a55c       0xe8 Middlewares/MotorControl/state_machine.o
                0x000000000800a55c                STM_NextState
 .text.STM_GetState
                0x000000000800a644        0x4 Middlewares/MotorControl/state_machine.o
                0x000000000800a644                STM_GetState
 .text.STM_FaultAcknowledged
                0x000000000800a648       0x18 Middlewares/MotorControl/state_machine.o
                0x000000000800a648                STM_FaultAcknowledged
 .text.STM_GetFaultState
                0x000000000800a660        0xc Middlewares/MotorControl/state_machine.o
                0x000000000800a660                STM_GetFaultState
 .text.TC_Init  0x000000000800a66c       0x40 Middlewares/MotorControl/trajectory_ctrl.o
                0x000000000800a66c                TC_Init
 .text.TC_MoveCommand
                0x000000000800a6ac       0xe4 Middlewares/MotorControl/trajectory_ctrl.o
                0x000000000800a6ac                TC_MoveCommand
 .text.TC_FollowCommand
                0x000000000800a790       0x8c Middlewares/MotorControl/trajectory_ctrl.o
                0x000000000800a790                TC_FollowCommand
 .text.TC_MoveExecution
                0x000000000800a81c      0x11c Middlewares/MotorControl/trajectory_ctrl.o
                0x000000000800a81c                TC_MoveExecution
 .text.TC_PositionRegulation
                0x000000000800a938       0x84 Middlewares/MotorControl/trajectory_ctrl.o
                0x000000000800a938                TC_PositionRegulation
 .text.TC_EncAlignmentCommand
                0x000000000800a9bc      0x13c Middlewares/MotorControl/trajectory_ctrl.o
                0x000000000800a9bc                TC_EncAlignmentCommand
 .text.TC_GetCurrentPosition
                0x000000000800aaf8       0x24 Middlewares/MotorControl/trajectory_ctrl.o
                0x000000000800aaf8                TC_GetCurrentPosition
 .text.TC_GetTargetPosition
                0x000000000800ab1c        0x8 Middlewares/MotorControl/trajectory_ctrl.o
                0x000000000800ab1c                TC_GetTargetPosition
 .text.TC_GetMoveDuration
                0x000000000800ab24        0x8 Middlewares/MotorControl/trajectory_ctrl.o
                0x000000000800ab24                TC_GetMoveDuration
 .text.TC_GetControlPositionStatus
                0x000000000800ab2c        0x8 Middlewares/MotorControl/trajectory_ctrl.o
                0x000000000800ab2c                TC_GetControlPositionStatus
 .text.TC_GetAlignmentStatus
                0x000000000800ab34        0x8 Middlewares/MotorControl/trajectory_ctrl.o
                0x000000000800ab34                TC_GetAlignmentStatus
 .text.TC_IncTick
                0x000000000800ab3c        0x8 Middlewares/MotorControl/trajectory_ctrl.o
                0x000000000800ab3c                TC_IncTick
 .text.VSS_Clear
                0x000000000800ab44       0x1c Middlewares/MotorControl/virtual_speed_sensor.o
                0x000000000800ab44                VSS_Clear
 .text.VSS_Init
                0x000000000800ab60        0x8 Middlewares/MotorControl/virtual_speed_sensor.o
                0x000000000800ab60                VSS_Init
 .text.VSS_SetMecAngle
                0x000000000800ab68       0x10 Middlewares/MotorControl/virtual_speed_sensor.o
                0x000000000800ab68                VSS_SetMecAngle
 .text.VSS_SetMecAcceleration
                0x000000000800ab78       0x7c Middlewares/MotorControl/virtual_speed_sensor.o
                0x000000000800ab78                VSS_SetMecAcceleration
 .text.__libc_init_array
                0x000000000800abf4       0x48 c:/st/stm32cubeide_1.6.0/stm32cubeide/plugins/com.st.stm32cube.ide.mcu.externaltools.gnu-tools-for-stm32.9-2020-q2-update.win32_1.5.0.202011040924/tools/bin/../lib/gcc/arm-none-eabi/9.3.1/../../../../arm-none-eabi/lib/thumb/v7e-m+fp/hard\libc_nano.a(lib_a-init.o)
                0x000000000800abf4                __libc_init_array
 .text.memcpy   0x000000000800ac3c       0x1c c:/st/stm32cubeide_1.6.0/stm32cubeide/plugins/com.st.stm32cube.ide.mcu.externaltools.gnu-tools-for-stm32.9-2020-q2-update.win32_1.5.0.202011040924/tools/bin/../lib/gcc/arm-none-eabi/9.3.1/../../../../arm-none-eabi/lib/thumb/v7e-m+fp/hard\libc_nano.a(lib_a-memcpy-stub.o)
                0x000000000800ac3c                memcpy
 .text.memset   0x000000000800ac58       0x10 c:/st/stm32cubeide_1.6.0/stm32cubeide/plugins/com.st.stm32cube.ide.mcu.externaltools.gnu-tools-for-stm32.9-2020-q2-update.win32_1.5.0.202011040924/tools/bin/../lib/gcc/arm-none-eabi/9.3.1/../../../../arm-none-eabi/lib/thumb/v7e-m+fp/hard\libc_nano.a(lib_a-memset.o)
                0x000000000800ac58                memset
 *(.glue_7)
 .glue_7        0x000000000800ac68        0x0 linker stubs
 *(.glue_7t)
 .glue_7t       0x000000000800ac68        0x0 linker stubs
 *(.eh_frame)
 .eh_frame      0x000000000800ac68        0x0 c:/st/stm32cubeide_1.6.0/stm32cubeide/plugins/com.st.stm32cube.ide.mcu.externaltools.gnu-tools-for-stm32.9-2020-q2-update.win32_1.5.0.202011040924/tools/bin/../lib/gcc/arm-none-eabi/9.3.1/thumb/v7e-m+fp/hard/crtbegin.o
 *(.init)
 .init          0x000000000800ac68        0x4 c:/st/stm32cubeide_1.6.0/stm32cubeide/plugins/com.st.stm32cube.ide.mcu.externaltools.gnu-tools-for-stm32.9-2020-q2-update.win32_1.5.0.202011040924/tools/bin/../lib/gcc/arm-none-eabi/9.3.1/thumb/v7e-m+fp/hard/crti.o
                0x000000000800ac68                _init
 .init          0x000000000800ac6c        0x8 c:/st/stm32cubeide_1.6.0/stm32cubeide/plugins/com.st.stm32cube.ide.mcu.externaltools.gnu-tools-for-stm32.9-2020-q2-update.win32_1.5.0.202011040924/tools/bin/../lib/gcc/arm-none-eabi/9.3.1/thumb/v7e-m+fp/hard/crtn.o
 *(.fini)
 .fini          0x000000000800ac74        0x4 c:/st/stm32cubeide_1.6.0/stm32cubeide/plugins/com.st.stm32cube.ide.mcu.externaltools.gnu-tools-for-stm32.9-2020-q2-update.win32_1.5.0.202011040924/tools/bin/../lib/gcc/arm-none-eabi/9.3.1/thumb/v7e-m+fp/hard/crti.o
                0x000000000800ac74                _fini
 .fini          0x000000000800ac78        0x8 c:/st/stm32cubeide_1.6.0/stm32cubeide/plugins/com.st.stm32cube.ide.mcu.externaltools.gnu-tools-for-stm32.9-2020-q2-update.win32_1.5.0.202011040924/tools/bin/../lib/gcc/arm-none-eabi/9.3.1/thumb/v7e-m+fp/hard/crtn.o
                0x000000000800ac80                . = ALIGN (0x4)
                0x000000000800ac80                _etext = .

.vfp11_veneer   0x000000000800ac80        0x0
 .vfp11_veneer  0x000000000800ac80        0x0 linker stubs

.v4_bx          0x000000000800ac80        0x0
 .v4_bx         0x000000000800ac80        0x0 linker stubs

.iplt           0x000000000800ac80        0x0
 .iplt          0x000000000800ac80        0x0 c:/st/stm32cubeide_1.6.0/stm32cubeide/plugins/com.st.stm32cube.ide.mcu.externaltools.gnu-tools-for-stm32.9-2020-q2-update.win32_1.5.0.202011040924/tools/bin/../lib/gcc/arm-none-eabi/9.3.1/thumb/v7e-m+fp/hard/crtbegin.o

.rodata         0x000000000800ac80      0x3d0
                0x000000000800ac80                . = ALIGN (0x4)
 *(.rodata)
 .rodata        0x000000000800ac80        0x8 Application/User/main.o
 *(.rodata*)
 .rodata.CRC4_Lookup4
                0x000000000800ac88       0x10 Application/User/aspep.o
                0x000000000800ac88                CRC4_Lookup4
 .rodata.CRC4_Lookup8
                0x000000000800ac98      0x100 Application/User/aspep.o
                0x000000000800ac98                CRC4_Lookup8
 .rodata.R3_2_ParamsM1
                0x000000000800ad98       0xcc Application/User/mc_parameters.o
                0x000000000800ad98                R3_2_ParamsM1
 .rodata.R3_3_OPAMPParamsM1
                0x000000000800ae64       0x6c Application/User/mc_parameters.o
                0x000000000800ae64                R3_3_OPAMPParamsM1
 .rodata.CSWTCH.35
                0x000000000800aed0       0x11 Application/User/register_interface.o
 *fill*         0x000000000800aee1        0x3 
 .rodata.CHANNEL_OFFSET_TAB
                0x000000000800aee4        0x6 Application/User/usart_aspep_driver.o
 *fill*         0x000000000800aeea        0x2 
 .rodata.AHBPrescTable
                0x000000000800aeec       0x10 Drivers/CMSIS/system_stm32g4xx.o
                0x000000000800aeec                AHBPrescTable
 .rodata.APBPrescTable
                0x000000000800aefc        0x8 Drivers/CMSIS/system_stm32g4xx.o
                0x000000000800aefc                APBPrescTable
 .rodata.DLCtoBytes
                0x000000000800af04       0x10 Drivers/STM32G4xx_HAL_Driver/stm32g4xx_hal_fdcan.o
 .rodata.CSWTCH.112
                0x000000000800af14       0x40 Drivers/STM32G4xx_HAL_Driver/stm32g4xx_hal_tim_ex.o
 .rodata.CSWTCH.113
                0x000000000800af54       0x40 Drivers/STM32G4xx_HAL_Driver/stm32g4xx_hal_tim_ex.o
 .rodata.CSWTCH.114
                0x000000000800af94       0x40 Drivers/STM32G4xx_HAL_Driver/stm32g4xx_hal_tim_ex.o
 .rodata.CSWTCH.115
                0x000000000800afd4       0x40 Drivers/STM32G4xx_HAL_Driver/stm32g4xx_hal_tim_ex.o
 .rodata.CSWTCH.58
                0x000000000800b014        0x3 Drivers/STM32G4xx_HAL_Driver/stm32g4xx_hal_uart.o
 *fill*         0x000000000800b017        0x1 
 .rodata.CSWTCH.59
                0x000000000800b018        0xd Drivers/STM32G4xx_HAL_Driver/stm32g4xx_hal_uart.o
 *fill*         0x000000000800b025        0x3 
 .rodata.UARTPrescTable
                0x000000000800b028       0x18 Drivers/STM32G4xx_HAL_Driver/stm32g4xx_hal_uart.o
                0x000000000800b028                UARTPrescTable
 .rodata.denominator.10129
                0x000000000800b040        0x8 Drivers/STM32G4xx_HAL_Driver/stm32g4xx_hal_uart_ex.o
 .rodata.numerator.10128
                0x000000000800b048        0x8 Drivers/STM32G4xx_HAL_Driver/stm32g4xx_hal_uart_ex.o
                0x000000000800b050                . = ALIGN (0x4)

.ARM.extab      0x000000000800b050        0x0
                0x000000000800b050                . = ALIGN (0x4)
 *(.ARM.extab* .gnu.linkonce.armextab.*)
                0x000000000800b050                . = ALIGN (0x4)

.ARM            0x000000000800b050        0x8
                0x000000000800b050                . = ALIGN (0x4)
                0x000000000800b050                __exidx_start = .
 *(.ARM.exidx*)
 .ARM.exidx     0x000000000800b050        0x8 c:/st/stm32cubeide_1.6.0/stm32cubeide/plugins/com.st.stm32cube.ide.mcu.externaltools.gnu-tools-for-stm32.9-2020-q2-update.win32_1.5.0.202011040924/tools/bin/../lib/gcc/arm-none-eabi/9.3.1/thumb/v7e-m+fp/hard\libgcc.a(_udivmoddi4.o)
                0x000000000800b058                __exidx_end = .
                0x000000000800b058                . = ALIGN (0x4)

.rel.dyn        0x000000000800b058        0x0
 .rel.iplt      0x000000000800b058        0x0 c:/st/stm32cubeide_1.6.0/stm32cubeide/plugins/com.st.stm32cube.ide.mcu.externaltools.gnu-tools-for-stm32.9-2020-q2-update.win32_1.5.0.202011040924/tools/bin/../lib/gcc/arm-none-eabi/9.3.1/thumb/v7e-m+fp/hard/crtbegin.o

.preinit_array  0x000000000800b058        0x0
                0x000000000800b058                . = ALIGN (0x4)
                0x000000000800b058                PROVIDE (__preinit_array_start = .)
 *(.preinit_array*)
                0x000000000800b058                PROVIDE (__preinit_array_end = .)
                0x000000000800b058                . = ALIGN (0x4)

.init_array     0x000000000800b058        0x4
                0x000000000800b058                . = ALIGN (0x4)
                0x000000000800b058                PROVIDE (__init_array_start = .)
 *(SORT_BY_NAME(.init_array.*))
 *(.init_array*)
 .init_array    0x000000000800b058        0x4 c:/st/stm32cubeide_1.6.0/stm32cubeide/plugins/com.st.stm32cube.ide.mcu.externaltools.gnu-tools-for-stm32.9-2020-q2-update.win32_1.5.0.202011040924/tools/bin/../lib/gcc/arm-none-eabi/9.3.1/thumb/v7e-m+fp/hard/crtbegin.o
                0x000000000800b05c                PROVIDE (__init_array_end = .)
                0x000000000800b05c                . = ALIGN (0x4)

.fini_array     0x000000000800b05c        0x4
                0x000000000800b05c                . = ALIGN (0x4)
                [!provide]                        PROVIDE (__fini_array_start = .)
 *(SORT_BY_NAME(.fini_array.*))
 *(.fini_array*)
 .fini_array    0x000000000800b05c        0x4 c:/st/stm32cubeide_1.6.0/stm32cubeide/plugins/com.st.stm32cube.ide.mcu.externaltools.gnu-tools-for-stm32.9-2020-q2-update.win32_1.5.0.202011040924/tools/bin/../lib/gcc/arm-none-eabi/9.3.1/thumb/v7e-m+fp/hard/crtbegin.o
                [!provide]                        PROVIDE (__fini_array_end = .)
                0x000000000800b060                . = ALIGN (0x4)
                0x000000000800b060                _sidata = LOADADDR (.data)

.data           0x0000000020000000      0x6ac load address 0x000000000800b060
                0x0000000020000000                . = ALIGN (0x4)
                0x0000000020000000                _sdata = .
 *(.data)
 *(.data*)
 .data.BusVoltageSensor_M1
                0x0000000020000000       0x28 Application/User/mc_config.o
                0x0000000020000000                BusVoltageSensor_M1
 .data.CircleLimitationM1
                0x0000000020000028       0xb4 Application/User/mc_config.o
                0x0000000020000028                CircleLimitationM1
 .data.ENCODER_M1
                0x00000000200000dc       0x7c Application/User/mc_config.o
                0x00000000200000dc                ENCODER_M1
 .data.EncAlignCtrlM1
                0x0000000020000158       0x1c Application/User/mc_config.o
                0x0000000020000158                EncAlignCtrlM1
 .data.PIDIdHandle_M1
                0x0000000020000174       0x2c Application/User/mc_config.o
                0x0000000020000174                PIDIdHandle_M1
 .data.PIDIqHandle_M1
                0x00000000200001a0       0x2c Application/User/mc_config.o
                0x00000000200001a0                PIDIqHandle_M1
 .data.PIDSpeedHandle_M1
                0x00000000200001cc       0x2c Application/User/mc_config.o
                0x00000000200001cc                PIDSpeedHandle_M1
 .data.PID_PosParamsM1
                0x00000000200001f8       0x2c Application/User/mc_config.o
                0x00000000200001f8                PID_PosParamsM1
 .data.PQD_MotorPowMeasM1
                0x0000000020000224      0x114 Application/User/mc_config.o
                0x0000000020000224                PQD_MotorPowMeasM1
 .data.PWM_Handle_M1
                0x0000000020000338       0x90 Application/User/mc_config.o
                0x0000000020000338                PWM_Handle_M1
 .data.PosCtrlM1
                0x00000000200003c8       0x70 Application/User/mc_config.o
                0x00000000200003c8                PosCtrlM1
 .data.RampExtMngrHFParamsM1
                0x0000000020000438       0x18 Application/User/mc_config.o
                0x0000000020000438                RampExtMngrHFParamsM1
 .data.SpeednTorqCtrlM1
                0x0000000020000450       0x34 Application/User/mc_config.o
                0x0000000020000450                SpeednTorqCtrlM1
 .data.TempSensor_M1
                0x0000000020000484       0x28 Application/User/mc_config.o
                0x0000000020000484                TempSensor_M1
 .data.VirtualSpeedSensorM1
                0x00000000200004ac       0x38 Application/User/mc_config.o
                0x00000000200004ac                VirtualSpeedSensorM1
 .data.pMPM     0x00000000200004e4        0x4 Application/User/mc_config.o
                0x00000000200004e4                pMPM
 .data.pPIDId   0x00000000200004e8        0x4 Application/User/mc_config.o
                0x00000000200004e8                pPIDId
 .data.pPIDIq   0x00000000200004ec        0x4 Application/User/mc_config.o
                0x00000000200004ec                pPIDIq
 .data.pPosCtrl
                0x00000000200004f0        0x4 Application/User/mc_config.o
                0x00000000200004f0                pPosCtrl
 .data.pSTC     0x00000000200004f4        0x4 Application/User/mc_config.o
                0x00000000200004f4                pSTC
 .data.pTemperatureSensor
                0x00000000200004f8        0x4 Application/User/mc_config.o
                0x00000000200004f8                pTemperatureSensor
 .data.CTL_BOARD
                0x00000000200004fc        0xe Application/User/mc_configuration_registers.o
                0x00000000200004fc                CTL_BOARD
 *fill*         0x000000002000050a        0x2 
 .data.FOCConfig_reg
                0x000000002000050c        0x4 Application/User/mc_configuration_registers.o
                0x000000002000050c                FOCConfig_reg
 .data.M1_FOCConfig_reg
                0x0000000020000510        0xe Application/User/mc_configuration_registers.o
                0x0000000020000510                M1_FOCConfig_reg
 *fill*         0x000000002000051e        0x2 
 .data.M1_MOTOR_NAME
                0x0000000020000520        0xe Application/User/mc_configuration_registers.o
                0x0000000020000520                M1_MOTOR_NAME
 *fill*         0x000000002000052e        0x2 
 .data.M1_MotorConfig_reg
                0x0000000020000530        0xe Application/User/mc_configuration_registers.o
                0x0000000020000530                M1_MotorConfig_reg
 *fill*         0x000000002000053e        0x2 
 .data.M1_PWR_BOARD
                0x0000000020000540       0x1c Application/User/mc_configuration_registers.o
                0x0000000020000540                M1_PWR_BOARD
 .data.MOTOR_NAME
                0x000000002000055c        0x4 Application/User/mc_configuration_registers.o
                0x000000002000055c                MOTOR_NAME
 .data.MotorConfig_reg
                0x0000000020000560        0x4 Application/User/mc_configuration_registers.o
                0x0000000020000560                MotorConfig_reg
 .data.PWR_BOARD_NAME
                0x0000000020000564        0x4 Application/User/mc_configuration_registers.o
                0x0000000020000564                PWR_BOARD_NAME
 .data.globalConfig_reg
                0x0000000020000568        0x6 Application/User/mc_configuration_registers.o
                0x0000000020000568                globalConfig_reg
 *fill*         0x000000002000056e        0x2 
 .data.MCPA_UART_A
                0x0000000020000570       0x8c Application/User/mcp_config.o
                0x0000000020000570                MCPA_UART_A
 .data.MCP_Over_UartA
                0x00000000200005fc       0x10 Application/User/mcp_config.o
                0x00000000200005fc                MCP_Over_UartA
 .data.UASPEP_A
                0x000000002000060c       0x14 Application/User/mcp_config.o
                0x000000002000060c                UASPEP_A
 .data.aspepOverUartA
                0x0000000020000620       0x6c Application/User/mcp_config.o
                0x0000000020000620                aspepOverUartA
 .data.BusVoltageSensor
                0x000000002000068c        0x4 Application/User/register_interface.o
                0x000000002000068c                BusVoltageSensor
 .data.pEncoder
                0x0000000020000690        0x4 Application/User/register_interface.o
                0x0000000020000690                pEncoder
 .data.pPIDPosCtrl
                0x0000000020000694        0x4 Application/User/register_interface.o
                0x0000000020000694                pPIDPosCtrl
 .data.pPIDSpeed
                0x0000000020000698        0x4 Application/User/register_interface.o
                0x0000000020000698                pPIDSpeed
 .data.SystickDividerCounter.15679
                0x000000002000069c        0x1 Application/User/stm32g4xx_mc_it.o
 *fill*         0x000000002000069d        0x3 
 .data.SystemCoreClock
                0x00000000200006a0        0x4 Drivers/CMSIS/system_stm32g4xx.o
                0x00000000200006a0                SystemCoreClock
 .data.uwTickFreq
                0x00000000200006a4        0x4 Drivers/STM32G4xx_HAL_Driver/stm32g4xx_hal.o
                0x00000000200006a4                uwTickFreq
 .data.uwTickPrio
                0x00000000200006a8        0x4 Drivers/STM32G4xx_HAL_Driver/stm32g4xx_hal.o
                0x00000000200006a8                uwTickPrio
 *(.RamFunc)
 *(.RamFunc*)
                0x00000000200006ac                . = ALIGN (0x4)
                0x00000000200006ac                _edata = .

.igot.plt       0x00000000200006ac        0x0 load address 0x000000000800b70c
 .igot.plt      0x00000000200006ac        0x0 c:/st/stm32cubeide_1.6.0/stm32cubeide/plugins/com.st.stm32cube.ide.mcu.externaltools.gnu-tools-for-stm32.9-2020-q2-update.win32_1.5.0.202011040924/tools/bin/../lib/gcc/arm-none-eabi/9.3.1/thumb/v7e-m+fp/hard/crtbegin.o
                0x00000000200006ac                . = ALIGN (0x4)

.bss            0x00000000200006ac     0x1834 load address 0x000000000800b70c
                0x00000000200006ac                _sbss = .
                0x00000000200006ac                __bss_start__ = _sbss
 *(.bss)
 .bss           0x00000000200006ac       0x1c c:/st/stm32cubeide_1.6.0/stm32cubeide/plugins/com.st.stm32cube.ide.mcu.externaltools.gnu-tools-for-stm32.9-2020-q2-update.win32_1.5.0.202011040924/tools/bin/../lib/gcc/arm-none-eabi/9.3.1/thumb/v7e-m+fp/hard/crtbegin.o
 *(.bss*)
 .bss.errorID   0x00000000200006c8        0x1 Application/User/main.o
                0x00000000200006c8                errorID
 .bss.heartbeat
                0x00000000200006c9        0x1 Application/User/main.o
                0x00000000200006c9                heartbeat
 .bss.motor_ready
                0x00000000200006ca        0x1 Application/User/main.o
                0x00000000200006ca                motor_ready
 *fill*         0x00000000200006cb        0x1 
 .bss.refTension
                0x00000000200006cc        0x4 Application/User/main.o
                0x00000000200006cc                refTension
 .bss.requested_response_type
                0x00000000200006d0        0x1 Application/User/main.o
                0x00000000200006d0                requested_response_type
 .bss.bMCBootCompleted
                0x00000000200006d1        0x1 Application/User/mc_tasks.o
                0x00000000200006d1                bMCBootCompleted
 .bss.hBootCapDelayCounterM1
                0x00000000200006d2        0x2 Application/User/mc_tasks.o
 .bss.hMFTaskCounterM1
                0x00000000200006d4        0x2 Application/User/mc_tasks.o
 .bss.hStopPermanencyCounterM1
                0x00000000200006d6        0x2 Application/User/mc_tasks.o
 .bss.nullData16
                0x00000000200006d8        0x2 Application/User/register_interface.o
 *fill*         0x00000000200006da        0x2 
 .bss.HAL_RCC_ADC12_CLK_ENABLED
                0x00000000200006dc        0x4 Application/User/stm32g4xx_hal_msp.o
 .bss.GLOBAL_TIMESTAMP
                0x00000000200006e0        0x4 Middlewares/MotorControl/mcpa.o
                0x00000000200006e0                GLOBAL_TIMESTAMP
 *(COMMON)
 COMMON         0x00000000200006e4      0x510 Application/User/main.o
                0x00000000200006e4                hdma_usart2_rx
                0x0000000020000744                hopamp2
                0x0000000020000780                htim4
                0x00000000200007cc                hadc2
                0x0000000020000838                hopamp3
                0x0000000020000874                hcomp1
                0x0000000020000898                htim3
                0x00000000200008e4                hopamp1
                0x0000000020000920                hcomp4
                0x0000000020000944                hadc1
                0x00000000200009b0                hdma_usart2_tx
                0x0000000020000a10                val2
                0x0000000020000a14                val3
                0x0000000020000a18                hcordic
                0x0000000020000a40                hfdcan1
                0x0000000020000aa4                htim1
                0x0000000020000af0                hcomp2
                0x0000000020000b14                htim2
                0x0000000020000b60                huart2
                0x0000000020000bf0                val1
 COMMON         0x0000000020000bf4       0x34 Application/User/mc_config.o
                0x0000000020000bf4                Mci
                0x0000000020000c14                STM
                0x0000000020000c1c                RealBusVoltageSensorFilterBufferM1
 COMMON         0x0000000020000c28       0x40 Application/User/mc_tasks.o
                0x0000000020000c28                pOCPDisabling
                0x0000000020000c2c                pwmcHandle
                0x0000000020000c30                pEAC
                0x0000000020000c34                pR_Brake
                0x0000000020000c38                FOCVars
                0x0000000020000c60                pCLM
                0x0000000020000c64                pREMNG
 COMMON         0x0000000020000c68     0x121a Application/User/mcp_config.o
                0x0000000020000c68                MCPSyncTxBuff
                0x0000000020000d70                MCPAsyncBuffUARTA_B
                0x0000000020001578                MCPSyncRXBuff
                0x000000002000167c                MCPAsyncBuffUARTA_A
 *fill*         0x0000000020001e82        0x2 
 COMMON         0x0000000020001e84        0x4 Application/User/motorcontrol.o
                0x0000000020001e84                pMCI
 COMMON         0x0000000020001e88       0x52 Application/User/regular_conversion_manager.o