mc_interface.c:58:13:MCI_Init	4	static
mc_interface.c:86:13:MCI_ExecSpeedRamp	4	static
mc_interface.c:112:13:MCI_ExecTorqueRamp	4	static
mc_interface.c:132:13:MCI_SetCurrentReferences	8	static
mc_interface.c:151:13:MCI_ExecPositionCommand	24	static
mc_interface.c:185:13:MCI_StartMotor	8	static
mc_interface.c:212:13:MCI_StopMotor	0	static
mc_interface.c:226:13:MCI_FaultAcknowledged	0	static
mc_interface.c:246:13:MCI_EncoderAlign	0	static
mc_interface.c:259:13:MCI_ExecBufferedCommands	8	static
mc_interface.c:319:28:MCI_IsCommandAcknowledged	0	static
mc_interface.c:336:17:MCI_GetSTMState	0	static
mc_interface.c:346:25:MCI_GetCtrlPositionState	0	static
mc_interface.c:356:23:MCI_GetAlignmentStatus	0	static
mc_interface.c:366:14:MCI_GetCurrentPosition	0	static
mc_interface.c:376:14:MCI_GetTargetPosition	0	static
mc_interface.c:386:14:MCI_GetMoveDuration	0	static
mc_interface.c:402:17:MCI_GetOccurredFaults	8	static
mc_interface.c:416:17:MCI_GetCurrentFaults	8	static
mc_interface.c:427:23:MCI_GetControlMode	0	static
mc_interface.c:439:16:MCI_GetImposedMotorDirection	0	static
mc_interface.c:476:16:MCI_GetLastRampFinalSpeed	0	static
mc_interface.c:488:16:MCI_GetLastRampFinalTorque	0	static
mc_interface.c:499:17:MCI_GetLastRampFinalDuration	0	static
mc_interface.c:509:13:MCI_RampCompleted	8	static
mc_interface.c:529:13:MCI_StopSpeedRamp	0	static
mc_interface.c:538:13:MCI_StopRamp	0	static
mc_interface.c:551:13:MCI_GetSpdSensorReliability	8	static
mc_interface.c:564:16:MCI_GetAvrgMecSpeedUnit	8	static
mc_interface.c:577:16:MCI_GetMecSpeedRefUnit	0	static
mc_interface.c:587:13:MCI_GetIab	8	static
mc_interface.c:597:20:MCI_GetIalphabeta	8	static
mc_interface.c:607:13:MCI_GetIqd	8	static
mc_interface.c:618:13:MCI_GetIqdHF	8	static
mc_interface.c:628:13:MCI_GetIqdref	8	static
mc_interface.c:638:13:MCI_GetVqd	8	static
mc_interface.c:648:20:MCI_GetValphabeta	8	static
mc_interface.c:659:16:MCI_GetElAngledpp	0	static
mc_interface.c:670:16:MCI_GetTeref	0	static
mc_interface.c:682:16:MCI_GetPhaseCurrentAmplitude	8	static
mc_interface.c:709:16:MCI_GetPhaseVoltageAmplitude	8	static
mc_interface.c:734:13:MCI_Clear_Iqdref	8	static
