stm32g4xx_hal_msp.c:69:6:HAL_MspInit	16	static
stm32g4xx_hal_msp.c:99:6:HAL_ADC_MspInit	64	static
stm32g4xx_hal_msp.c:168:6:HAL_ADC_MspDeInit	8	static
stm32g4xx_hal_msp.c:242:6:HAL_COMP_MspInit	48	static
stm32g4xx_hal_msp.c:311:6:HAL_COMP_MspDeInit	0	static
stm32g4xx_hal_msp.c:367:6:HAL_CORDIC_MspInit	8	static
stm32g4xx_hal_msp.c:389:6:HAL_CORDIC_MspDeInit	0	static
stm32g4xx_hal_msp.c:411:6:HAL_FDCAN_MspInit	64	static
stm32g4xx_hal_msp.c:460:6:HAL_FDCAN_MspDeInit	8	static
stm32g4xx_hal_msp.c:494:6:HAL_OPAMP_MspInit	48	static
stm32g4xx_hal_msp.c:569:6:HAL_OPAMP_MspDeInit	0	static
stm32g4xx_hal_msp.c:631:6:HAL_TIM_Base_MspInit	24	static
stm32g4xx_hal_msp.c:681:6:HAL_TIM_Encoder_MspInit	48	static
stm32g4xx_hal_msp.c:711:6:HAL_TIM_MspPostInit	64	static
stm32g4xx_hal_msp.c:764:6:HAL_TIM_Base_MspDeInit	8	static
stm32g4xx_hal_msp.c:818:6:HAL_TIM_Encoder_MspDeInit	8	static
stm32g4xx_hal_msp.c:849:6:HAL_UART_MspInit	48	static
stm32g4xx_hal_msp.c:920:6:HAL_UART_MspDeInit	8	static
